0 verbose cli C:\Program Files\nodejs\node.exe C:\Program Files\nodejs\node_modules\npm\bin\npm-cli.js
1 info using npm@10.9.2
2 info using node@v22.15.0
3 silly config load:file:C:\Program Files\nodejs\node_modules\npm\npmrc
4 silly config load:file:C:\Users\pc\Documents\GitHub\AI-Builder-Sprint\frontend\.npmrc
5 silly config load:file:C:\Users\pc\.npmrc
6 silly config load:file:C:\Users\pc\AppData\Roaming\npm\etc\npmrc
7 verbose title npm ci
8 verbose argv "ci"
9 verbose logfile logs-max:10 dir:C:\Users\pc\Documents\GitHub\AI-Builder-Sprint\frontend\.npm-cache\_logs\2026-07-29T13_12_48_581Z-
10 verbose logfile C:\Users\pc\Documents\GitHub\AI-Builder-Sprint\frontend\.npm-cache\_logs\2026-07-29T13_12_48_581Z-debug-0.log
11 silly logfile done cleaning log files
12 silly packumentCache heap:4345298944 maxSize:1086324736 maxEntrySize:543162368
13 silly idealTree buildDeps
14 http fetch GET https://registry.npmjs.org/npm attempt 1 failed with EACCES
15 silly reify moves {}
16 verbose reify failed optional dependency C:\Users\pc\Documents\GitHub\AI-Builder-Sprint\frontend\node_modules\@tailwindcss\oxide-wasm32-wasi
17 silly reify mark deleted [
17 silly reify   'C:\\Users\\pc\\Documents\\GitHub\\AI-Builder-Sprint\\frontend\\node_modules\\@tailwindcss\\oxide-wasm32-wasi'
17 silly reify ]
18 silly audit bulk request {
18 silly audit   '@babel/code-frame': [ '7.29.7' ],
18 silly audit   '@babel/compat-data': [ '7.29.7' ],
18 silly audit   '@babel/core': [ '7.29.7' ],
18 silly audit   '@babel/generator': [ '7.29.7' ],
18 silly audit   '@babel/helper-compilation-targets': [ '7.29.7' ],
18 silly audit   '@babel/helper-globals': [ '7.29.7' ],
18 silly audit   '@babel/helper-module-imports': [ '7.29.7' ],
18 silly audit   '@babel/helper-module-transforms': [ '7.29.7' ],
18 silly audit   '@babel/helper-string-parser': [ '7.29.7' ],
18 silly audit   '@babel/helper-validator-identifier': [ '7.29.7' ],
18 silly audit   '@babel/helper-validator-option': [ '7.29.7' ],
18 silly audit   '@babel/helpers': [ '7.29.7' ],
18 silly audit   '@babel/parser': [ '7.29.7' ],
18 silly audit   '@babel/template': [ '7.29.7' ],
18 silly audit   '@babel/traverse': [ '7.29.7' ],
18 silly audit   '@babel/types': [ '7.29.7' ],
18 silly audit   '@emnapi/core': [ '1.11.1' ],
18 silly audit   '@emnapi/runtime': [ '1.11.1' ],
18 silly audit   '@emnapi/wasi-threads': [ '1.2.2' ],
18 silly audit   '@eslint-community/eslint-utils': [ '4.10.1' ],
18 silly audit   'eslint-visitor-keys': [ '3.4.3', '5.0.1' ],
18 silly audit   '@eslint-community/regexpp': [ '4.12.2' ],
18 silly audit   '@eslint/config-array': [ '0.23.5' ],
18 silly audit   '@eslint/config-helpers': [ '0.7.0' ],
18 silly audit   '@eslint/core': [ '1.2.1' ],
18 silly audit   '@eslint/js': [ '10.0.1' ],
18 silly audit   '@eslint/object-schema': [ '3.0.5' ],
18 silly audit   '@eslint/plugin-kit': [ '0.7.2' ],
18 silly audit   '@humanfs/core': [ '0.19.2' ],
18 silly audit   '@humanfs/node': [ '0.16.8' ],
18 silly audit   '@humanfs/types': [ '0.15.0' ],
18 silly audit   '@humanwhocodes/module-importer': [ '1.0.1' ],
18 silly audit   '@humanwhocodes/retry': [ '0.4.3' ],
18 silly audit   '@jridgewell/gen-mapping': [ '0.3.13' ],
18 silly audit   '@jridgewell/remapping': [ '2.3.5' ],
18 silly audit   '@jridgewell/resolve-uri': [ '3.1.2' ],
18 silly audit   '@jridgewell/sourcemap-codec': [ '1.5.5' ],
18 silly audit   '@jridgewell/trace-mapping': [ '0.3.31' ],
18 silly audit   '@napi-rs/wasm-runtime': [ '1.1.6' ],
18 silly audit   '@oxc-project/types': [ '0.139.0' ],
18 silly audit   '@oxlint/binding-android-arm-eabi': [ '1.76.0' ],
18 silly audit   '@oxlint/binding-android-arm64': [ '1.76.0' ],
18 silly audit   '@oxlint/binding-darwin-arm64': [ '1.76.0' ],
18 silly audit   '@oxlint/binding-darwin-x64': [ '1.76.0' ],
18 silly audit   '@oxlint/binding-freebsd-x64': [ '1.76.0' ],
18 silly audit   '@oxlint/binding-linux-arm-gnueabihf': [ '1.76.0' ],
18 silly audit   '@oxlint/binding-linux-arm-musleabihf': [ '1.76.0' ],
18 silly audit   '@oxlint/binding-linux-arm64-gnu': [ '1.76.0' ],
18 silly audit   '@oxlint/binding-linux-arm64-musl': [ '1.76.0' ],
18 silly audit   '@oxlint/binding-linux-ppc64-gnu': [ '1.76.0' ],
18 silly audit   '@oxlint/binding-linux-riscv64-gnu': [ '1.76.0' ],
18 silly audit   '@oxlint/binding-linux-riscv64-musl': [ '1.76.0' ],
18 silly audit   '@oxlint/binding-linux-s390x-gnu': [ '1.76.0' ],
18 silly audit   '@oxlint/binding-linux-x64-gnu': [ '1.76.0' ],
18 silly audit   '@oxlint/binding-linux-x64-musl': [ '1.76.0' ],
18 silly audit   '@oxlint/binding-openharmony-arm64': [ '1.76.0' ],
18 silly audit   '@oxlint/binding-win32-arm64-msvc': [ '1.76.0' ],
18 silly audit   '@oxlint/binding-win32-ia32-msvc': [ '1.76.0' ],
18 silly audit   '@oxlint/binding-win32-x64-msvc': [ '1.76.0' ],
18 silly audit   '@rolldown/binding-android-arm64': [ '1.1.5' ],
18 silly audit   '@rolldown/binding-darwin-arm64': [ '1.1.5' ],
18 silly audit   '@rolldown/binding-darwin-x64': [ '1.1.5' ],
18 silly audit   '@rolldown/binding-freebsd-x64': [ '1.1.5' ],
18 silly audit   '@rolldown/binding-linux-arm-gnueabihf': [ '1.1.5' ],
18 silly audit   '@rolldown/binding-linux-arm64-gnu': [ '1.1.5' ],
18 silly audit   '@rolldown/binding-linux-arm64-musl': [ '1.1.5' ],
18 silly audit   '@rolldown/binding-linux-ppc64-gnu': [ '1.1.5' ],
18 silly audit   '@rolldown/binding-linux-s390x-gnu': [ '1.1.5' ],
18 silly audit   '@rolldown/binding-linux-x64-gnu': [ '1.1.5' ],
18 silly audit   '@rolldown/binding-linux-x64-musl': [ '1.1.5' ],
18 silly audit   '@rolldown/binding-openharmony-arm64': [ '1.1.5' ],
18 silly audit   '@rolldown/binding-wasm32-wasi': [ '1.1.5' ],
18 silly audit   '@rolldown/binding-win32-arm64-msvc': [ '1.1.5' ],
18 silly audit   '@rolldown/binding-win32-x64-msvc': [ '1.1.5' ],
18 silly audit   '@rolldown/pluginutils': [ '1.0.1' ],
18 silly audit   '@tailwindcss/node': [ '4.3.3' ],
18 silly audit   lightningcss: [ '1.32.0', '1.33.0' ],
18 silly audit   'lightningcss-android-arm64': [ '1.32.0', '1.33.0' ],
18 silly audit   'lightningcss-darwin-arm64': [ '1.32.0', '1.33.0' ],
18 silly audit   'lightningcss-darwin-x64': [ '1.32.0', '1.33.0' ],
18 silly audit   'lightningcss-freebsd-x64': [ '1.32.0', '1.33.0' ],
18 silly audit   'lightningcss-linux-arm-gnueabihf': [ '1.32.0', '1.33.0' ],
18 silly audit   'lightningcss-linux-arm64-gnu': [ '1.32.0', '1.33.0' ],
18 silly audit   'lightningcss-linux-arm64-musl': [ '1.32.0', '1.33.0' ],
18 silly audit   'lightningcss-linux-x64-gnu': [ '1.32.0', '1.33.0' ],
18 silly audit   'lightningcss-linux-x64-musl': [ '1.32.0', '1.33.0' ],
18 silly audit   'lightningcss-win32-arm64-msvc': [ '1.32.0', '1.33.0' ],
18 silly audit   'lightningcss-win32-x64-msvc': [ '1.32.0', '1.33.0' ],
18 silly audit   '@tailwindcss/oxide': [ '4.3.3' ],
18 silly audit   '@tailwindcss/oxide-android-arm64': [ '4.3.3' ],
18 silly audit   '@tailwindcss/oxide-darwin-arm64': [ '4.3.3' ],
18 silly audit   '@tailwindcss/oxide-darwin-x64': [ '4.3.3' ],
18 silly audit   '@tailwindcss/oxide-freebsd-x64': [ '4.3.3' ],
18 silly audit   '@tailwindcss/oxide-linux-arm-gnueabihf': [ '4.3.3' ],
18 silly audit   '@tailwindcss/oxide-linux-arm64-gnu': [ '4.3.3' ],
18 silly audit   '@tailwindcss/oxide-linux-arm64-musl': [ '4.3.3' ],
18 silly audit   '@tailwindcss/oxide-linux-x64-gnu': [ '4.3.3' ],
18 silly audit   '@tailwindcss/oxide-linux-x64-musl': [ '4.3.3' ],
18 silly audit   '@tailwindcss/oxide-win32-arm64-msvc': [ '4.3.3' ],
18 silly audit   '@tailwindcss/oxide-win32-x64-msvc': [ '4.3.3' ],
18 silly audit   '@tailwindcss/vite': [ '4.3.3' ],
18 silly audit   '@tybys/wasm-util': [ '0.10.3' ],
18 silly audit   '@types/esrecurse': [ '4.3.1' ],
18 silly audit   '@types/estree': [ '1.0.9' ],
18 silly audit   '@types/json-schema': [ '7.0.15' ],
18 silly audit   '@types/react': [ '19.2.17' ],
18 silly audit   '@types/react-dom': [ '19.2.3' ],
18 silly audit   '@typescript-eslint/eslint-plugin': [ '8.65.0' ],
18 silly audit   ignore: [ '7.0.6', '5.3.2' ],
18 silly audit   '@typescript-eslint/parser': [ '8.65.0' ],
18 silly audit   '@typescript-eslint/project-service': [ '8.65.0' ],
18 silly audit   '@typescript-eslint/scope-manager': [ '8.65.0' ],
18 silly audit   '@typescript-eslint/tsconfig-utils': [ '8.65.0' ],
18 silly audit   '@typescript-eslint/type-utils': [ '8.65.0' ],
18 silly audit   '@typescript-eslint/types': [ '8.65.0' ],
18 silly audit   '@typescript-eslint/typescript-estree': [ '8.65.0' ],
18 silly audit   semver: [ '7.8.5', '6.3.1' ],
18 silly audit   '@typescript-eslint/utils': [ '8.65.0' ],
18 silly audit   '@typescript-eslint/visitor-keys': [ '8.65.0' ],
18 silly audit   '@vitejs/plugin-react': [ '6.0.4' ],
18 silly audit   acorn: [ '8.18.0' ],
18 silly audit   'acorn-jsx': [ '5.3.2' ],
18 silly audit   'agent-base': [ '6.0.2' ],
18 silly audit   ajv: [ '6.15.0' ],
18 silly audit   asynckit: [ '0.4.0' ],
18 silly audit   autoprefixer: [ '10.5.4' ],
18 silly audit   axios: [ '1.18.1' ],
18 silly audit   'balanced-match': [ '4.0.4' ],
18 silly audit   'baseline-browser-mapping': [ '2.11.5' ],
18 silly audit   'brace-expansion': [ '5.0.8' ],
18 silly audit   browserslist: [ '4.28.7' ],
18 silly audit   'call-bind-apply-helpers': [ '1.0.2' ],
18 silly audit   'caniuse-lite': [ '1.0.30001806' ],
18 silly audit   'combined-stream': [ '1.0.8' ],
18 silly audit   'convert-source-map': [ '2.0.0' ],
18 silly audit   cookie: [ '1.1.1' ],
18 silly audit   'cross-spawn': [ '7.0.6' ],
18 silly audit   csstype: [ '3.2.3' ],
18 silly audit   debug: [ '4.4.3' ],
18 silly audit   'deep-is': [ '0.1.4' ],
18 silly audit   'delayed-stream': [ '1.0.0' ],
18 silly audit   'detect-libc': [ '2.1.2' ],
18 silly audit   'dunder-proto': [ '1.0.1' ],
18 silly audit   'electron-to-chromium': [ '1.5.396' ],
18 silly audit   'enhanced-resolve': [ '5.24.3' ],
18 silly audit   'es-define-property': [ '1.0.1' ],
18 silly audit   'es-errors': [ '1.3.0' ],
18 silly audit   'es-object-atoms': [ '1.1.2' ],
18 silly audit   'es-set-tostringtag': [ '2.1.0' ],
18 silly audit   escalade: [ '3.2.0' ],
18 silly audit   'escape-string-regexp': [ '4.0.0' ],
18 silly audit   eslint: [ '10.8.0' ],
18 silly audit   'eslint-plugin-react-hooks': [ '7.1.1' ],
18 silly audit   'eslint-plugin-react-refresh': [ '0.5.3' ],
18 silly audit   'eslint-scope': [ '9.1.2' ],
18 silly audit   espree: [ '11.2.0' ],
18 silly audit   esquery: [ '1.7.0' ],
18 silly audit   esrecurse: [ '4.3.0' ],
18 silly audit   estraverse: [ '5.3.0' ],
18 silly audit   esutils: [ '2.0.3' ],
18 silly audit   'fast-deep-equal': [ '3.1.3' ],
18 silly audit   'fast-json-stable-stringify': [ '2.1.0' ],
18 silly audit   'fast-levenshtein': [ '2.0.6' ],
18 silly audit   fdir: [ '6.5.0' ],
18 silly audit   'file-entry-cache': [ '8.0.0' ],
18 silly audit   'find-up': [ '5.0.0' ],
18 silly audit   'flat-cache': [ '4.0.1' ],
18 silly audit   flatted: [ '3.4.3' ],
18 silly audit   'follow-redirects': [ '1.16.0' ],
18 silly audit   'form-data': [ '4.0.6' ],
18 silly audit   'fraction.js': [ '5.3.4' ],
18 silly audit   fsevents: [ '2.3.3' ],
18 silly audit   'function-bind': [ '1.1.2' ],
18 silly audit   gensync: [ '1.0.0-beta.2' ],
18 silly audit   'get-intrinsic': [ '1.3.0' ],
18 silly audit   'get-proto': [ '1.0.1' ],
18 silly audit   'glob-parent': [ '6.0.2' ],
18 silly audit   globals: [ '17.8.0' ],
18 silly audit   gopd: [ '1.2.0' ],
18 silly audit   'graceful-fs': [ '4.2.11' ],
18 silly audit   'has-symbols': [ '1.1.0' ],
18 silly audit   'has-tostringtag': [ '1.0.2' ],
18 silly audit   hasown: [ '2.0.4' ],
18 silly audit   'hermes-estree': [ '0.25.1' ],
18 silly audit   'hermes-parser': [ '0.25.1' ],
18 silly audit   'https-proxy-agent': [ '5.0.1' ],
18 silly audit   imurmurhash: [ '0.1.4' ],
18 silly audit   'is-extglob': [ '2.1.1' ],
18 silly audit   'is-glob': [ '4.0.3' ],
18 silly audit   isexe: [ '2.0.0' ],
18 silly audit   jiti: [ '2.7.0' ],
18 silly audit   'js-tokens': [ '4.0.0' ],
18 silly audit   jsesc: [ '3.1.0' ],
18 silly audit   'json-buffer': [ '3.0.1' ],
18 silly audit   'json-schema-traverse': [ '0.4.1' ],
18 silly audit   'json-stable-stringify-without-jsonify': [ '1.0.1' ],
18 silly audit   json5: [ '2.2.3' ],
18 silly audit   keyv: [ '4.5.4' ],
18 silly audit   levn: [ '0.4.1' ],
18 silly audit   'locate-path': [ '6.0.0' ],
18 silly audit   'lru-cache': [ '5.1.1' ],
18 silly audit   'lucide-react': [ '1.27.0' ],
18 silly audit   'magic-string': [ '0.30.21' ],
18 silly audit   'math-intrinsics': [ '1.1.0' ],
18 silly audit   'mime-db': [ '1.52.0' ],
18 silly audit   'mime-types': [ '2.1.35' ],
18 silly audit   minimatch: [ '10.2.6' ],
18 silly audit   ms: [ '2.1.3' ],
18 silly audit   nanoid: [ '3.3.16' ],
18 silly audit   'natural-compare': [ '1.4.0' ],
18 silly audit   'node-releases': [ '2.0.51' ],
18 silly audit   optionator: [ '0.9.4' ],
18 silly audit   oxlint: [ '1.76.0' ],
18 silly audit   'p-limit': [ '3.1.0' ],
18 silly audit   'p-locate': [ '5.0.0' ],
18 silly audit   'path-exists': [ '4.0.0' ],
18 silly audit   'path-key': [ '3.1.1' ],
18 silly audit   picocolors: [ '1.1.1' ],
18 silly audit   picomatch: [ '4.0.5' ],
18 silly audit   postcss: [ '8.5.23' ],
18 silly audit   'postcss-value-parser': [ '4.2.0' ],
18 silly audit   'prelude-ls': [ '1.2.1' ],
18 silly audit   prettier: [ '3.9.6' ],
18 silly audit   'proxy-from-env': [ '2.1.0' ],
18 silly audit   punycode: [ '2.3.1' ],
18 silly audit   react: [ '19.2.8' ],
18 silly audit   'react-dom': [ '19.2.8' ],
18 silly audit   'react-router': [ '7.18.1' ],
18 silly audit   'react-router-dom': [ '7.18.1' ],
18 silly audit   rolldown: [ '1.1.5' ],
18 silly audit   scheduler: [ '0.27.0' ],
18 silly audit   'set-cookie-parser': [ '2.7.2' ],
18 silly audit   'shebang-command': [ '2.0.0' ],
18 silly audit   'shebang-regex': [ '3.0.0' ],
18 silly audit   'source-map-js': [ '1.2.1' ],
18 silly audit   tailwindcss: [ '4.3.3' ],
18 silly audit   tapable: [ '2.3.3' ],
18 silly audit   tinyglobby: [ '0.2.17' ],
18 silly audit   'ts-api-utils': [ '2.5.0' ],
18 silly audit   tslib: [ '2.8.1' ],
18 silly audit   'type-check': [ '0.4.0' ],
18 silly audit   typescript: [ '6.0.3' ],
18 silly audit   'typescript-eslint': [ '8.65.0' ],
18 silly audit   'update-browserslist-db': [ '1.2.3' ],
18 silly audit   'uri-js': [ '4.4.1' ],
18 silly audit   vite: [ '8.1.5' ],
18 silly audit   which: [ '2.0.2' ],
18 silly audit   'word-wrap': [ '1.2.5' ],
18 silly audit   yallist: [ '3.1.1' ],
18 silly audit   'yocto-queue': [ '0.1.0' ],
18 silly audit   zod: [ '4.4.3' ],
18 silly audit   'zod-validation-error': [ '4.0.2' ],
18 silly audit   '@tailwindcss/oxide-wasm32-wasi': [ '4.3.3' ]
18 silly audit }
19 verbose reify failed optional dependency C:\Users\pc\Documents\GitHub\AI-Builder-Sprint\frontend\node_modules\lightningcss-win32-arm64-msvc
20 silly reify mark deleted [
20 silly reify   'C:\\Users\\pc\\Documents\\GitHub\\AI-Builder-Sprint\\frontend\\node_modules\\lightningcss-win32-arm64-msvc'
20 silly reify ]
21 verbose reify failed optional dependency C:\Users\pc\Documents\GitHub\AI-Builder-Sprint\frontend\node_modules\lightningcss-linux-x64-musl
22 silly reify mark deleted [
22 silly reify   'C:\\Users\\pc\\Documents\\GitHub\\AI-Builder-Sprint\\frontend\\node_modules\\lightningcss-linux-x64-musl'
22 silly reify ]
23 verbose reify failed optional dependency C:\Users\pc\Documents\GitHub\AI-Builder-Sprint\frontend\node_modules\lightningcss-linux-x64-gnu
24 silly reify mark deleted [
24 silly reify   'C:\\Users\\pc\\Documents\\GitHub\\AI-Builder-Sprint\\frontend\\node_modules\\lightningcss-linux-x64-gnu'
24 silly reify ]
25 verbose reify failed optional dependency C:\Users\pc\Documents\GitHub\AI-Builder-Sprint\frontend\node_modules\lightningcss-linux-arm64-musl
26 silly reify mark deleted [
26 silly reify   'C:\\Users\\pc\\Documents\\GitHub\\AI-Builder-Sprint\\frontend\\node_modules\\lightningcss-linux-arm64-musl'
26 silly reify ]
27 verbose reify failed optional dependency C:\Users\pc\Documents\GitHub\AI-Builder-Sprint\frontend\node_modules\lightningcss-linux-arm64-gnu
28 silly reify mark deleted [
28 silly reify   'C:\\Users\\pc\\Documents\\GitHub\\AI-Builder-Sprint\\frontend\\node_modules\\lightningcss-linux-arm64-gnu'
28 silly reify ]
29 verbose reify failed optional dependency C:\Users\pc\Documents\GitHub\AI-Builder-Sprint\frontend\node_modules\lightningcss-linux-arm-gnueabihf
30 silly reify mark deleted [
30 silly reify   'C:\\Users\\pc\\Documents\\GitHub\\AI-Builder-Sprint\\frontend\\node_modules\\lightningcss-linux-arm-gnueabihf'
30 silly reify ]
31 verbose reify failed optional dependency C:\Users\pc\Documents\GitHub\AI-Builder-Sprint\frontend\node_modules\lightningcss-freebsd-x64
32 silly reify mark deleted [
32 silly reify   'C:\\Users\\pc\\Documents\\GitHub\\AI-Builder-Sprint\\frontend\\node_modules\\lightningcss-freebsd-x64'
32 silly reify ]
33 verbose reify failed optional dependency C:\Users\pc\Documents\GitHub\AI-Builder-Sprint\frontend\node_modules\lightningcss-darwin-x64
34 silly reify mark deleted [
34 silly reify   'C:\\Users\\pc\\Documents\\GitHub\\AI-Builder-Sprint\\frontend\\node_modules\\lightningcss-darwin-x64'
34 silly reify ]
35 verbose reify failed optional dependency C:\Users\pc\Documents\GitHub\AI-Builder-Sprint\frontend\node_modules\lightningcss-darwin-arm64
36 silly reify mark deleted [
36 silly reify   'C:\\Users\\pc\\Documents\\GitHub\\AI-Builder-Sprint\\frontend\\node_modules\\lightningcss-darwin-arm64'
36 silly reify ]
37 verbose reify failed optional dependency C:\Users\pc\Documents\GitHub\AI-Builder-Sprint\frontend\node_modules\lightningcss-android-arm64
38 silly reify mark deleted [
38 silly reify   'C:\\Users\\pc\\Documents\\GitHub\\AI-Builder-Sprint\\frontend\\node_modules\\lightningcss-android-arm64'
38 silly reify ]
39 verbose reify failed optional dependency C:\Users\pc\Documents\GitHub\AI-Builder-Sprint\frontend\node_modules\fsevents
40 silly reify mark deleted [
40 silly reify   'C:\\Users\\pc\\Documents\\GitHub\\AI-Builder-Sprint\\frontend\\node_modules\\fsevents'
40 silly reify ]
41 verbose reify failed optional dependency C:\Users\pc\Documents\GitHub\AI-Builder-Sprint\frontend\node_modules\@tailwindcss\oxide-win32-arm64-msvc
42 silly reify mark deleted [
42 silly reify   'C:\\Users\\pc\\Documents\\GitHub\\AI-Builder-Sprint\\frontend\\node_modules\\@tailwindcss\\oxide-win32-arm64-msvc'
42 silly reify ]
43 verbose reify failed optional dependency C:\Users\pc\Documents\GitHub\AI-Builder-Sprint\frontend\node_modules\@tailwindcss\oxide-linux-x64-musl
44 silly reify mark deleted [
44 silly reify   'C:\\Users\\pc\\Documents\\GitHub\\AI-Builder-Sprint\\frontend\\node_modules\\@tailwindcss\\oxide-linux-x64-musl'
44 silly reify ]
45 verbose reify failed optional dependency C:\Users\pc\Documents\GitHub\AI-Builder-Sprint\frontend\node_modules\@tailwindcss\oxide-linux-x64-gnu
46 silly reify mark deleted [
46 silly reify   'C:\\Users\\pc\\Documents\\GitHub\\AI-Builder-Sprint\\frontend\\node_modules\\@tailwindcss\\oxide-linux-x64-gnu'
46 silly reify ]
47 verbose reify failed optional dependency C:\Users\pc\Documents\GitHub\AI-Builder-Sprint\frontend\node_modules\@tailwindcss\oxide-linux-arm64-musl
48 silly reify mark deleted [
48 silly reify   'C:\\Users\\pc\\Documents\\GitHub\\AI-Builder-Sprint\\frontend\\node_modules\\@tailwindcss\\oxide-linux-arm64-musl'
48 silly reify ]
49 verbose reify failed optional dependency C:\Users\pc\Documents\GitHub\AI-Builder-Sprint\frontend\node_modules\@tailwindcss\oxide-linux-arm64-gnu
50 silly reify mark deleted [
50 silly reify   'C:\\Users\\pc\\Documents\\GitHub\\AI-Builder-Sprint\\frontend\\node_modules\\@tailwindcss\\oxide-linux-arm64-gnu'
50 silly reify ]
51 verbose reify failed optional dependency C:\Users\pc\Documents\GitHub\AI-Builder-Sprint\frontend\node_modules\@tailwindcss\oxide-linux-arm-gnueabihf
52 silly reify mark deleted [
52 silly reify   'C:\\Users\\pc\\Documents\\GitHub\\AI-Builder-Sprint\\frontend\\node_modules\\@tailwindcss\\oxide-linux-arm-gnueabihf'
52 silly reify ]
53 verbose reify failed optional dependency C:\Users\pc\Documents\GitHub\AI-Builder-Sprint\frontend\node_modules\@tailwindcss\oxide-freebsd-x64
54 silly reify mark deleted [
54 silly reify   'C:\\Users\\pc\\Documents\\GitHub\\AI-Builder-Sprint\\frontend\\node_modules\\@tailwindcss\\oxide-freebsd-x64'
54 silly reify ]
55 verbose reify failed optional dependency C:\Users\pc\Documents\GitHub\AI-Builder-Sprint\frontend\node_modules\@tailwindcss\oxide-darwin-x64
56 silly reify mark deleted [
56 silly reify   'C:\\Users\\pc\\Documents\\GitHub\\AI-Builder-Sprint\\frontend\\node_modules\\@tailwindcss\\oxide-darwin-x64'
56 silly reify ]
57 verbose reify failed optional dependency C:\Users\pc\Documents\GitHub\AI-Builder-Sprint\frontend\node_modules\@tailwindcss\oxide-darwin-arm64
58 silly reify mark deleted [
58 silly reify   'C:\\Users\\pc\\Documents\\GitHub\\AI-Builder-Sprint\\frontend\\node_modules\\@tailwindcss\\oxide-darwin-arm64'
58 silly reify ]
59 verbose reify failed optional dependency C:\Users\pc\Documents\GitHub\AI-Builder-Sprint\frontend\node_modules\@tailwindcss\oxide-android-arm64
60 silly reify mark deleted [
60 silly reify   'C:\\Users\\pc\\Documents\\GitHub\\AI-Builder-Sprint\\frontend\\node_modules\\@tailwindcss\\oxide-android-arm64'
60 silly reify ]
61 verbose reify failed optional dependency C:\Users\pc\Documents\GitHub\AI-Builder-Sprint\frontend\node_modules\@tailwindcss\node\node_modules\lightningcss-win32-arm64-msvc
62 silly reify mark deleted [
62 silly reify   'C:\\Users\\pc\\Documents\\GitHub\\AI-Builder-Sprint\\frontend\\node_modules\\@tailwindcss\\node\\node_modules\\lightningcss-win32-arm64-msvc'
62 silly reify ]
63 verbose reify failed optional dependency C:\Users\pc\Documents\GitHub\AI-Builder-Sprint\frontend\node_modules\@tailwindcss\node\node_modules\lightningcss-linux-x64-musl
64 silly reify mark deleted [
64 silly reify   'C:\\Users\\pc\\Documents\\GitHub\\AI-Builder-Sprint\\frontend\\node_modules\\@tailwindcss\\node\\node_modules\\lightningcss-linux-x64-musl'
64 silly reify ]
65 verbose reify failed optional dependency C:\Users\pc\Documents\GitHub\AI-Builder-Sprint\frontend\node_modules\@tailwindcss\node\node_modules\lightningcss-linux-x64-gnu
66 silly reify mark deleted [
66 silly reify   'C:\\Users\\pc\\Documents\\GitHub\\AI-Builder-Sprint\\frontend\\node_modules\\@tailwindcss\\node\\node_modules\\lightningcss-linux-x64-gnu'
66 silly reify ]
67 verbose reify failed optional dependency C:\Users\pc\Documents\GitHub\AI-Builder-Sprint\frontend\node_modules\@tailwindcss\node\node_modules\lightningcss-linux-arm64-musl
68 silly reify mark deleted [
68 silly reify   'C:\\Users\\pc\\Documents\\GitHub\\AI-Builder-Sprint\\frontend\\node_modules\\@tailwindcss\\node\\node_modules\\lightningcss-linux-arm64-musl'
68 silly reify ]
69 verbose reify failed optional dependency C:\Users\pc\Documents\GitHub\AI-Builder-Sprint\frontend\node_modules\@tailwindcss\node\node_modules\lightningcss-linux-arm64-gnu
70 silly reify mark deleted [
70 silly reify   'C:\\Users\\pc\\Documents\\GitHub\\AI-Builder-Sprint\\frontend\\node_modules\\@tailwindcss\\node\\node_modules\\lightningcss-linux-arm64-gnu'
70 silly reify ]
71 verbose reify failed optional dependency C:\Users\pc\Documents\GitHub\AI-Builder-Sprint\frontend\node_modules\@tailwindcss\node\node_modules\lightningcss-linux-arm-gnueabihf
72 silly reify mark deleted [
72 silly reify   'C:\\Users\\pc\\Documents\\GitHub\\AI-Builder-Sprint\\frontend\\node_modules\\@tailwindcss\\node\\node_modules\\lightningcss-linux-arm-gnueabihf'
72 silly reify ]
73 verbose reify failed optional dependency C:\Users\pc\Documents\GitHub\AI-Builder-Sprint\frontend\node_modules\@tailwindcss\node\node_modules\lightningcss-freebsd-x64
74 silly reify mark deleted [
74 silly reify   'C:\\Users\\pc\\Documents\\GitHub\\AI-Builder-Sprint\\frontend\\node_modules\\@tailwindcss\\node\\node_modules\\lightningcss-freebsd-x64'
74 silly reify ]
75 verbose reify failed optional dependency C:\Users\pc\Documents\GitHub\AI-Builder-Sprint\frontend\node_modules\@tailwindcss\node\node_modules\lightningcss-darwin-x64
76 silly reify mark deleted [
76 silly reify   'C:\\Users\\pc\\Documents\\GitHub\\AI-Builder-Sprint\\frontend\\node_modules\\@tailwindcss\\node\\node_modules\\lightningcss-darwin-x64'
76 silly reify ]
77 verbose reify failed optional dependency C:\Users\pc\Documents\GitHub\AI-Builder-Sprint\frontend\node_modules\@tailwindcss\node\node_modules\lightningcss-darwin-arm64
78 silly reify mark deleted [
78 silly reify   'C:\\Users\\pc\\Documents\\GitHub\\AI-Builder-Sprint\\frontend\\node_modules\\@tailwindcss\\node\\node_modules\\lightningcss-darwin-arm64'
78 silly reify ]
79 verbose reify failed optional dependency C:\Users\pc\Documents\GitHub\AI-Builder-Sprint\frontend\node_modules\@tailwindcss\node\node_modules\lightningcss-android-arm64
80 silly reify mark deleted [
80 silly reify   'C:\\Users\\pc\\Documents\\GitHub\\AI-Builder-Sprint\\frontend\\node_modules\\@tailwindcss\\node\\node_modules\\lightningcss-android-arm64'
80 silly reify ]
81 verbose reify failed optional dependency C:\Users\pc\Documents\GitHub\AI-Builder-Sprint\frontend\node_modules\@rolldown\binding-win32-arm64-msvc
82 silly reify mark deleted [
82 silly reify   'C:\\Users\\pc\\Documents\\GitHub\\AI-Builder-Sprint\\frontend\\node_modules\\@rolldown\\binding-win32-arm64-msvc'
82 silly reify ]
83 verbose reify failed optional dependency C:\Users\pc\Documents\GitHub\AI-Builder-Sprint\frontend\node_modules\@rolldown\binding-wasm32-wasi
84 silly reify mark deleted [
84 silly reify   'C:\\Users\\pc\\Documents\\GitHub\\AI-Builder-Sprint\\frontend\\node_modules\\@rolldown\\binding-wasm32-wasi'
84 silly reify ]
85 verbose reify failed optional dependency C:\Users\pc\Documents\GitHub\AI-Builder-Sprint\frontend\node_modules\@rolldown\binding-openharmony-arm64
86 silly reify mark deleted [
86 silly reify   'C:\\Users\\pc\\Documents\\GitHub\\AI-Builder-Sprint\\frontend\\node_modules\\@rolldown\\binding-openharmony-arm64'
86 silly reify ]
87 verbose reify failed optional dependency C:\Users\pc\Documents\GitHub\AI-Builder-Sprint\frontend\node_modules\@rolldown\binding-linux-x64-musl
88 silly reify mark deleted [
88 silly reify   'C:\\Users\\pc\\Documents\\GitHub\\AI-Builder-Sprint\\frontend\\node_modules\\@rolldown\\binding-linux-x64-musl'
88 silly reify ]
89 verbose reify failed optional dependency C:\Users\pc\Documents\GitHub\AI-Builder-Sprint\frontend\node_modules\@rolldown\binding-linux-x64-gnu
90 silly reify mark deleted [
90 silly reify   'C:\\Users\\pc\\Documents\\GitHub\\AI-Builder-Sprint\\frontend\\node_modules\\@rolldown\\binding-linux-x64-gnu'
90 silly reify ]
91 verbose reify failed optional dependency C:\Users\pc\Documents\GitHub\AI-Builder-Sprint\frontend\node_modules\@rolldown\binding-linux-s390x-gnu
92 silly reify mark deleted [
92 silly reify   'C:\\Users\\pc\\Documents\\GitHub\\AI-Builder-Sprint\\frontend\\node_modules\\@rolldown\\binding-linux-s390x-gnu'
92 silly reify ]
93 verbose reify failed optional dependency C:\Users\pc\Documents\GitHub\AI-Builder-Sprint\frontend\node_modules\@rolldown\binding-linux-ppc64-gnu
94 silly reify mark deleted [
94 silly reify   'C:\\Users\\pc\\Documents\\GitHub\\AI-Builder-Sprint\\frontend\\node_modules\\@rolldown\\binding-linux-ppc64-gnu'
94 silly reify ]
95 verbose reify failed optional dependency C:\Users\pc\Documents\GitHub\AI-Builder-Sprint\frontend\node_modules\@rolldown\binding-linux-arm64-musl
96 silly reify mark deleted [
96 silly reify   'C:\\Users\\pc\\Documents\\GitHub\\AI-Builder-Sprint\\frontend\\node_modules\\@rolldown\\binding-linux-arm64-musl'
96 silly reify ]
97 verbose reify failed optional dependency C:\Users\pc\Documents\GitHub\AI-Builder-Sprint\frontend\node_modules\@rolldown\binding-linux-arm64-gnu
98 silly reify mark deleted [
98 silly reify   'C:\\Users\\pc\\Documents\\GitHub\\AI-Builder-Sprint\\frontend\\node_modules\\@rolldown\\binding-linux-arm64-gnu'
98 silly reify ]
99 verbose reify failed optional dependency C:\Users\pc\Documents\GitHub\AI-Builder-Sprint\frontend\node_modules\@rolldown\binding-linux-arm-gnueabihf
100 silly reify mark deleted [
100 silly reify   'C:\\Users\\pc\\Documents\\GitHub\\AI-Builder-Sprint\\frontend\\node_modules\\@rolldown\\binding-linux-arm-gnueabihf'
100 silly reify ]
101 verbose reify failed optional dependency C:\Users\pc\Documents\GitHub\AI-Builder-Sprint\frontend\node_modules\@rolldown\binding-freebsd-x64
102 silly reify mark deleted [
102 silly reify   'C:\\Users\\pc\\Documents\\GitHub\\AI-Builder-Sprint\\frontend\\node_modules\\@rolldown\\binding-freebsd-x64'
102 silly reify ]
103 verbose reify failed optional dependency C:\Users\pc\Documents\GitHub\AI-Builder-Sprint\frontend\node_modules\@rolldown\binding-darwin-x64
104 silly reify mark deleted [
104 silly reify   'C:\\Users\\pc\\Documents\\GitHub\\AI-Builder-Sprint\\frontend\\node_modules\\@rolldown\\binding-darwin-x64'
104 silly reify ]
105 verbose reify failed optional dependency C:\Users\pc\Documents\GitHub\AI-Builder-Sprint\frontend\node_modules\@rolldown\binding-darwin-arm64
106 silly reify mark deleted [
106 silly reify   'C:\\Users\\pc\\Documents\\GitHub\\AI-Builder-Sprint\\frontend\\node_modules\\@rolldown\\binding-darwin-arm64'
106 silly reify ]
107 verbose reify failed optional dependency C:\Users\pc\Documents\GitHub\AI-Builder-Sprint\frontend\node_modules\@rolldown\binding-android-arm64
108 silly reify mark deleted [
108 silly reify   'C:\\Users\\pc\\Documents\\GitHub\\AI-Builder-Sprint\\frontend\\node_modules\\@rolldown\\binding-android-arm64'
108 silly reify ]
109 verbose reify failed optional dependency C:\Users\pc\Documents\GitHub\AI-Builder-Sprint\frontend\node_modules\@oxlint\binding-win32-ia32-msvc
110 silly reify mark deleted [
110 silly reify   'C:\\Users\\pc\\Documents\\GitHub\\AI-Builder-Sprint\\frontend\\node_modules\\@oxlint\\binding-win32-ia32-msvc'
110 silly reify ]
111 verbose reify failed optional dependency C:\Users\pc\Documents\GitHub\AI-Builder-Sprint\frontend\node_modules\@oxlint\binding-win32-arm64-msvc
112 silly reify mark deleted [
112 silly reify   'C:\\Users\\pc\\Documents\\GitHub\\AI-Builder-Sprint\\frontend\\node_modules\\@oxlint\\binding-win32-arm64-msvc'
112 silly reify ]
113 verbose reify failed optional dependency C:\Users\pc\Documents\GitHub\AI-Builder-Sprint\frontend\node_modules\@oxlint\binding-openharmony-arm64
114 silly reify mark deleted [
114 silly reify   'C:\\Users\\pc\\Documents\\GitHub\\AI-Builder-Sprint\\frontend\\node_modules\\@oxlint\\binding-openharmony-arm64'
114 silly reify ]
115 verbose reify failed optional dependency C:\Users\pc\Documents\GitHub\AI-Builder-Sprint\frontend\node_modules\@oxlint\binding-linux-x64-musl
116 silly reify mark deleted [
116 silly reify   'C:\\Users\\pc\\Documents\\GitHub\\AI-Builder-Sprint\\frontend\\node_modules\\@oxlint\\binding-linux-x64-musl'
116 silly reify ]
117 verbose reify failed optional dependency C:\Users\pc\Documents\GitHub\AI-Builder-Sprint\frontend\node_modules\@oxlint\binding-linux-x64-gnu
118 silly reify mark deleted [
118 silly reify   'C:\\Users\\pc\\Documents\\GitHub\\AI-Builder-Sprint\\frontend\\node_modules\\@oxlint\\binding-linux-x64-gnu'
118 silly reify ]
119 verbose reify failed optional dependency C:\Users\pc\Documents\GitHub\AI-Builder-Sprint\frontend\node_modules\@oxlint\binding-linux-s390x-gnu
120 silly reify mark deleted [
120 silly reify   'C:\\Users\\pc\\Documents\\GitHub\\AI-Builder-Sprint\\frontend\\node_modules\\@oxlint\\binding-linux-s390x-gnu'
120 silly reify ]
121 verbose reify failed optional dependency C:\Users\pc\Documents\GitHub\AI-Builder-Sprint\frontend\node_modules\@oxlint\binding-linux-riscv64-musl
122 silly reify mark deleted [
122 silly reify   'C:\\Users\\pc\\Documents\\GitHub\\AI-Builder-Sprint\\frontend\\node_modules\\@oxlint\\binding-linux-riscv64-musl'
122 silly reify ]
123 verbose reify failed optional dependency C:\Users\pc\Documents\GitHub\AI-Builder-Sprint\frontend\node_modules\@oxlint\binding-linux-riscv64-gnu
124 silly reify mark deleted [
124 silly reify   'C:\\Users\\pc\\Documents\\GitHub\\AI-Builder-Sprint\\frontend\\node_modules\\@oxlint\\binding-linux-riscv64-gnu'
124 silly reify ]
125 verbose reify failed optional dependency C:\Users\pc\Documents\GitHub\AI-Builder-Sprint\frontend\node_modules\@oxlint\binding-linux-ppc64-gnu
126 silly reify mark deleted [
126 silly reify   'C:\\Users\\pc\\Documents\\GitHub\\AI-Builder-Sprint\\frontend\\node_modules\\@oxlint\\binding-linux-ppc64-gnu'
126 silly reify ]
127 verbose reify failed optional dependency C:\Users\pc\Documents\GitHub\AI-Builder-Sprint\frontend\node_modules\@oxlint\binding-linux-arm64-musl
128 silly reify mark deleted [
128 silly reify   'C:\\Users\\pc\\Documents\\GitHub\\AI-Builder-Sprint\\frontend\\node_modules\\@oxlint\\binding-linux-arm64-musl'
128 silly reify ]
129 verbose reify failed optional dependency C:\Users\pc\Documents\GitHub\AI-Builder-Sprint\frontend\node_modules\@oxlint\binding-linux-arm64-gnu
130 silly reify mark deleted [
130 silly reify   'C:\\Users\\pc\\Documents\\GitHub\\AI-Builder-Sprint\\frontend\\node_modules\\@oxlint\\binding-linux-arm64-gnu'
130 silly reify ]
131 verbose reify failed optional dependency C:\Users\pc\Documents\GitHub\AI-Builder-Sprint\frontend\node_modules\@oxlint\binding-linux-arm-musleabihf
132 silly reify mark deleted [
132 silly reify   'C:\\Users\\pc\\Documents\\GitHub\\AI-Builder-Sprint\\frontend\\node_modules\\@oxlint\\binding-linux-arm-musleabihf'
132 silly reify ]
133 verbose reify failed optional dependency C:\Users\pc\Documents\GitHub\AI-Builder-Sprint\frontend\node_modules\@oxlint\binding-linux-arm-gnueabihf
134 silly reify mark deleted [
134 silly reify   'C:\\Users\\pc\\Documents\\GitHub\\AI-Builder-Sprint\\frontend\\node_modules\\@oxlint\\binding-linux-arm-gnueabihf'
134 silly reify ]
135 verbose reify failed optional dependency C:\Users\pc\Documents\GitHub\AI-Builder-Sprint\frontend\node_modules\@oxlint\binding-freebsd-x64
136 silly reify mark deleted [
136 silly reify   'C:\\Users\\pc\\Documents\\GitHub\\AI-Builder-Sprint\\frontend\\node_modules\\@oxlint\\binding-freebsd-x64'
136 silly reify ]
137 verbose reify failed optional dependency C:\Users\pc\Documents\GitHub\AI-Builder-Sprint\frontend\node_modules\@oxlint\binding-darwin-x64
138 silly reify mark deleted [
138 silly reify   'C:\\Users\\pc\\Documents\\GitHub\\AI-Builder-Sprint\\frontend\\node_modules\\@oxlint\\binding-darwin-x64'
138 silly reify ]
139 verbose reify failed optional dependency C:\Users\pc\Documents\GitHub\AI-Builder-Sprint\frontend\node_modules\@oxlint\binding-darwin-arm64
140 silly reify mark deleted [
140 silly reify   'C:\\Users\\pc\\Documents\\GitHub\\AI-Builder-Sprint\\frontend\\node_modules\\@oxlint\\binding-darwin-arm64'
140 silly reify ]
141 verbose reify failed optional dependency C:\Users\pc\Documents\GitHub\AI-Builder-Sprint\frontend\node_modules\@oxlint\binding-android-arm64
142 silly reify mark deleted [
142 silly reify   'C:\\Users\\pc\\Documents\\GitHub\\AI-Builder-Sprint\\frontend\\node_modules\\@oxlint\\binding-android-arm64'
142 silly reify ]
143 verbose reify failed optional dependency C:\Users\pc\Documents\GitHub\AI-Builder-Sprint\frontend\node_modules\@oxlint\binding-android-arm-eabi
144 silly reify mark deleted [
144 silly reify   'C:\\Users\\pc\\Documents\\GitHub\\AI-Builder-Sprint\\frontend\\node_modules\\@oxlint\\binding-android-arm-eabi'
144 silly reify ]
145 silly audit bulk request failed undefined
146 http cache zod@https://registry.npmjs.org/zod/-/zod-4.4.3.tgz 1ms (cache hit)
147 http cache yallist@https://registry.npmjs.org/yallist/-/yallist-3.1.1.tgz 0ms (cache hit)
148 http cache zod-validation-error@https://registry.npmjs.org/zod-validation-error/-/zod-validation-error-4.0.2.tgz 0ms (cache hit)
149 http cache yocto-queue@https://registry.npmjs.org/yocto-queue/-/yocto-queue-0.1.0.tgz 0ms (cache hit)
150 http cache vite@https://registry.npmjs.org/vite/-/vite-8.1.5.tgz 0ms (cache hit)
151 http cache word-wrap@https://registry.npmjs.org/word-wrap/-/word-wrap-1.2.5.tgz 0ms (cache hit)
152 http cache which@https://registry.npmjs.org/which/-/which-2.0.2.tgz 0ms (cache hit)
153 http cache typescript-eslint@https://registry.npmjs.org/typescript-eslint/-/typescript-eslint-8.65.0.tgz 0ms (cache hit)
154 http cache update-browserslist-db@https://registry.npmjs.org/update-browserslist-db/-/update-browserslist-db-1.2.3.tgz 0ms (cache hit)
155 http cache type-check@https://registry.npmjs.org/type-check/-/type-check-0.4.0.tgz 0ms (cache hit)
156 http cache uri-js@https://registry.npmjs.org/uri-js/-/uri-js-4.4.1.tgz 0ms (cache hit)
157 http cache typescript@https://registry.npmjs.org/typescript/-/typescript-6.0.3.tgz 0ms (cache hit)
158 http cache ts-api-utils@https://registry.npmjs.org/ts-api-utils/-/ts-api-utils-2.5.0.tgz 0ms (cache hit)
159 http cache tailwindcss@https://registry.npmjs.org/tailwindcss/-/tailwindcss-4.3.3.tgz 0ms (cache hit)
160 http cache tslib@https://registry.npmjs.org/tslib/-/tslib-2.8.1.tgz 0ms (cache hit)
161 http cache tapable@https://registry.npmjs.org/tapable/-/tapable-2.3.3.tgz 0ms (cache hit)
162 http cache tinyglobby@https://registry.npmjs.org/tinyglobby/-/tinyglobby-0.2.17.tgz 0ms (cache hit)
163 http cache shebang-regex@https://registry.npmjs.org/shebang-regex/-/shebang-regex-3.0.0.tgz 0ms (cache hit)
164 http cache shebang-command@https://registry.npmjs.org/shebang-command/-/shebang-command-2.0.0.tgz 0ms (cache hit)
165 http cache source-map-js@https://registry.npmjs.org/source-map-js/-/source-map-js-1.2.1.tgz 0ms (cache hit)
166 http cache scheduler@https://registry.npmjs.org/scheduler/-/scheduler-0.27.0.tgz 0ms (cache hit)
167 http cache set-cookie-parser@https://registry.npmjs.org/set-cookie-parser/-/set-cookie-parser-2.7.2.tgz 0ms (cache hit)
168 http cache rolldown@https://registry.npmjs.org/rolldown/-/rolldown-1.1.5.tgz 0ms (cache hit)
169 http cache semver@https://registry.npmjs.org/semver/-/semver-6.3.1.tgz 0ms (cache hit)
170 http cache react-dom@https://registry.npmjs.org/react-dom/-/react-dom-19.2.8.tgz 0ms (cache hit)
171 http cache punycode@https://registry.npmjs.org/punycode/-/punycode-2.3.1.tgz 0ms (cache hit)
172 http cache react-router@https://registry.npmjs.org/react-router/-/react-router-7.18.1.tgz 0ms (cache hit)
173 http cache react-router-dom@https://registry.npmjs.org/react-router-dom/-/react-router-dom-7.18.1.tgz 0ms (cache hit)
174 http cache react@https://registry.npmjs.org/react/-/react-19.2.8.tgz 0ms (cache hit)
175 http cache proxy-from-env@https://registry.npmjs.org/proxy-from-env/-/proxy-from-env-2.1.0.tgz 0ms (cache hit)
176 http cache postcss-value-parser@https://registry.npmjs.org/postcss-value-parser/-/postcss-value-parser-4.2.0.tgz 0ms (cache hit)
177 http cache picomatch@https://registry.npmjs.org/picomatch/-/picomatch-4.0.5.tgz 0ms (cache hit)
178 http cache prelude-ls@https://registry.npmjs.org/prelude-ls/-/prelude-ls-1.2.1.tgz 0ms (cache hit)
179 http cache p-locate@https://registry.npmjs.org/p-locate/-/p-locate-5.0.0.tgz 0ms (cache hit)
180 http cache picocolors@https://registry.npmjs.org/picocolors/-/picocolors-1.1.1.tgz 0ms (cache hit)
181 http cache path-key@https://registry.npmjs.org/path-key/-/path-key-3.1.1.tgz 0ms (cache hit)
182 http cache oxlint@https://registry.npmjs.org/oxlint/-/oxlint-1.76.0.tgz 0ms (cache hit)
183 http cache path-exists@https://registry.npmjs.org/path-exists/-/path-exists-4.0.0.tgz 0ms (cache hit)
184 http cache natural-compare@https://registry.npmjs.org/natural-compare/-/natural-compare-1.4.0.tgz 0ms (cache hit)
185 http cache p-limit@https://registry.npmjs.org/p-limit/-/p-limit-3.1.0.tgz 0ms (cache hit)
186 http cache ms@https://registry.npmjs.org/ms/-/ms-2.1.3.tgz 0ms (cache hit)
187 http cache postcss@https://registry.npmjs.org/postcss/-/postcss-8.5.23.tgz 0ms (cache hit)
188 http cache prettier@https://registry.npmjs.org/prettier/-/prettier-3.9.6.tgz 0ms (cache hit)
189 http cache optionator@https://registry.npmjs.org/optionator/-/optionator-0.9.4.tgz 0ms (cache hit)
190 http cache node-releases@https://registry.npmjs.org/node-releases/-/node-releases-2.0.51.tgz 0ms (cache hit)
191 http cache math-intrinsics@https://registry.npmjs.org/math-intrinsics/-/math-intrinsics-1.1.0.tgz 0ms (cache hit)
192 http cache minimatch@https://registry.npmjs.org/minimatch/-/minimatch-10.2.6.tgz 0ms (cache hit)
193 http cache mime-db@https://registry.npmjs.org/mime-db/-/mime-db-1.52.0.tgz 0ms (cache hit)
194 http cache mime-types@https://registry.npmjs.org/mime-types/-/mime-types-2.1.35.tgz 0ms (cache hit)
195 http cache nanoid@https://registry.npmjs.org/nanoid/-/nanoid-3.3.16.tgz 0ms (cache hit)
196 http cache magic-string@https://registry.npmjs.org/magic-string/-/magic-string-0.30.21.tgz 0ms (cache hit)
197 http cache lru-cache@https://registry.npmjs.org/lru-cache/-/lru-cache-5.1.1.tgz 0ms (cache hit)
198 http cache lucide-react@https://registry.npmjs.org/lucide-react/-/lucide-react-1.27.0.tgz 0ms (cache hit)
199 http cache lightningcss-win32-x64-msvc@https://registry.npmjs.org/lightningcss-win32-x64-msvc/-/lightningcss-win32-x64-msvc-1.33.0.tgz 0ms (cache hit)
200 http cache levn@https://registry.npmjs.org/levn/-/levn-0.4.1.tgz 0ms (cache hit)
201 http cache locate-path@https://registry.npmjs.org/locate-path/-/locate-path-6.0.0.tgz 0ms (cache hit)
202 http cache json5@https://registry.npmjs.org/json5/-/json5-2.2.3.tgz 0ms (cache hit)
203 http cache keyv@https://registry.npmjs.org/keyv/-/keyv-4.5.4.tgz 0ms (cache hit)
204 http cache json-schema-traverse@https://registry.npmjs.org/json-schema-traverse/-/json-schema-traverse-0.4.1.tgz 0ms (cache hit)
205 http cache json-stable-stringify-without-jsonify@https://registry.npmjs.org/json-stable-stringify-without-jsonify/-/json-stable-stringify-without-jsonify-1.0.1.tgz 0ms (cache hit)
206 http cache lightningcss@https://registry.npmjs.org/lightningcss/-/lightningcss-1.33.0.tgz 0ms (cache hit)
207 http cache json-buffer@https://registry.npmjs.org/json-buffer/-/json-buffer-3.0.1.tgz 0ms (cache hit)
208 http cache jsesc@https://registry.npmjs.org/jsesc/-/jsesc-3.1.0.tgz 0ms (cache hit)
209 http cache jiti@https://registry.npmjs.org/jiti/-/jiti-2.7.0.tgz 0ms (cache hit)
210 http cache is-glob@https://registry.npmjs.org/is-glob/-/is-glob-4.0.3.tgz 0ms (cache hit)
211 http cache is-extglob@https://registry.npmjs.org/is-extglob/-/is-extglob-2.1.1.tgz 0ms (cache hit)
212 http cache imurmurhash@https://registry.npmjs.org/imurmurhash/-/imurmurhash-0.1.4.tgz 0ms (cache hit)
213 http cache isexe@https://registry.npmjs.org/isexe/-/isexe-2.0.0.tgz 0ms (cache hit)
214 http cache js-tokens@https://registry.npmjs.org/js-tokens/-/js-tokens-4.0.0.tgz 0ms (cache hit)
215 http cache hermes-parser@https://registry.npmjs.org/hermes-parser/-/hermes-parser-0.25.1.tgz 0ms (cache hit)
216 http cache https-proxy-agent@https://registry.npmjs.org/https-proxy-agent/-/https-proxy-agent-5.0.1.tgz 0ms (cache hit)
217 http cache hermes-estree@https://registry.npmjs.org/hermes-estree/-/hermes-estree-0.25.1.tgz 0ms (cache hit)
218 http cache has-tostringtag@https://registry.npmjs.org/has-tostringtag/-/has-tostringtag-1.0.2.tgz 0ms (cache hit)
219 http cache graceful-fs@https://registry.npmjs.org/graceful-fs/-/graceful-fs-4.2.11.tgz 0ms (cache hit)
220 http cache glob-parent@https://registry.npmjs.org/glob-parent/-/glob-parent-6.0.2.tgz 0ms (cache hit)
221 http cache ignore@https://registry.npmjs.org/ignore/-/ignore-5.3.2.tgz 0ms (cache hit)
222 http cache hasown@https://registry.npmjs.org/hasown/-/hasown-2.0.4.tgz 0ms (cache hit)
223 http cache has-symbols@https://registry.npmjs.org/has-symbols/-/has-symbols-1.1.0.tgz 0ms (cache hit)
224 http cache globals@https://registry.npmjs.org/globals/-/globals-17.8.0.tgz 0ms (cache hit)
225 http cache get-intrinsic@https://registry.npmjs.org/get-intrinsic/-/get-intrinsic-1.3.0.tgz 0ms (cache hit)
226 http cache gensync@https://registry.npmjs.org/gensync/-/gensync-1.0.0-beta.2.tgz 0ms (cache hit)
227 http cache fraction.js@https://registry.npmjs.org/fraction.js/-/fraction.js-5.3.4.tgz 0ms (cache hit)
228 http cache function-bind@https://registry.npmjs.org/function-bind/-/function-bind-1.1.2.tgz 0ms (cache hit)
229 http cache get-proto@https://registry.npmjs.org/get-proto/-/get-proto-1.0.1.tgz 0ms (cache hit)
230 http cache gopd@https://registry.npmjs.org/gopd/-/gopd-1.2.0.tgz 0ms (cache hit)
231 http cache follow-redirects@https://registry.npmjs.org/follow-redirects/-/follow-redirects-1.16.0.tgz 0ms (cache hit)
232 http cache form-data@https://registry.npmjs.org/form-data/-/form-data-4.0.6.tgz 0ms (cache hit)
233 http cache flatted@https://registry.npmjs.org/flatted/-/flatted-3.4.3.tgz 0ms (cache hit)
234 http cache fdir@https://registry.npmjs.org/fdir/-/fdir-6.5.0.tgz 0ms (cache hit)
235 http cache file-entry-cache@https://registry.npmjs.org/file-entry-cache/-/file-entry-cache-8.0.0.tgz 0ms (cache hit)
236 http cache flat-cache@https://registry.npmjs.org/flat-cache/-/flat-cache-4.0.1.tgz 0ms (cache hit)
237 http cache find-up@https://registry.npmjs.org/find-up/-/find-up-5.0.0.tgz 0ms (cache hit)
238 http cache fast-json-stable-stringify@https://registry.npmjs.org/fast-json-stable-stringify/-/fast-json-stable-stringify-2.1.0.tgz 0ms (cache hit)
239 http cache fast-levenshtein@https://registry.npmjs.org/fast-levenshtein/-/fast-levenshtein-2.0.6.tgz 0ms (cache hit)
240 http cache esrecurse@https://registry.npmjs.org/esrecurse/-/esrecurse-4.3.0.tgz 0ms (cache hit)
241 http cache esutils@https://registry.npmjs.org/esutils/-/esutils-2.0.3.tgz 0ms (cache hit)
242 http cache eslint-visitor-keys@https://registry.npmjs.org/eslint-visitor-keys/-/eslint-visitor-keys-5.0.1.tgz 0ms (cache hit)
243 http cache esquery@https://registry.npmjs.org/esquery/-/esquery-1.7.0.tgz 0ms (cache hit)
244 http cache fast-deep-equal@https://registry.npmjs.org/fast-deep-equal/-/fast-deep-equal-3.1.3.tgz 0ms (cache hit)
245 http cache estraverse@https://registry.npmjs.org/estraverse/-/estraverse-5.3.0.tgz 0ms (cache hit)
246 http cache eslint-scope@https://registry.npmjs.org/eslint-scope/-/eslint-scope-9.1.2.tgz 0ms (cache hit)
247 http cache espree@https://registry.npmjs.org/espree/-/espree-11.2.0.tgz 0ms (cache hit)
248 http cache eslint-plugin-react-hooks@https://registry.npmjs.org/eslint-plugin-react-hooks/-/eslint-plugin-react-hooks-7.1.1.tgz 0ms (cache hit)
249 http cache eslint@https://registry.npmjs.org/eslint/-/eslint-10.8.0.tgz 0ms (cache hit)
250 http cache escape-string-regexp@https://registry.npmjs.org/escape-string-regexp/-/escape-string-regexp-4.0.0.tgz 0ms (cache hit)
251 http cache escalade@https://registry.npmjs.org/escalade/-/escalade-3.2.0.tgz 0ms (cache hit)
252 http cache eslint-plugin-react-refresh@https://registry.npmjs.org/eslint-plugin-react-refresh/-/eslint-plugin-react-refresh-0.5.3.tgz 0ms (cache hit)
253 http cache es-object-atoms@https://registry.npmjs.org/es-object-atoms/-/es-object-atoms-1.1.2.tgz 0ms (cache hit)
254 http cache enhanced-resolve@https://registry.npmjs.org/enhanced-resolve/-/enhanced-resolve-5.24.3.tgz 0ms (cache hit)
255 http cache es-define-property@https://registry.npmjs.org/es-define-property/-/es-define-property-1.0.1.tgz 0ms (cache hit)
256 http cache deep-is@https://registry.npmjs.org/deep-is/-/deep-is-0.1.4.tgz 0ms (cache hit)
257 http cache detect-libc@https://registry.npmjs.org/detect-libc/-/detect-libc-2.1.2.tgz 0ms (cache hit)
258 http cache electron-to-chromium@https://registry.npmjs.org/electron-to-chromium/-/electron-to-chromium-1.5.396.tgz 0ms (cache hit)
259 http cache es-errors@https://registry.npmjs.org/es-errors/-/es-errors-1.3.0.tgz 0ms (cache hit)
260 http cache es-set-tostringtag@https://registry.npmjs.org/es-set-tostringtag/-/es-set-tostringtag-2.1.0.tgz 0ms (cache hit)
261 http cache delayed-stream@https://registry.npmjs.org/delayed-stream/-/delayed-stream-1.0.0.tgz 0ms (cache hit)
262 http cache dunder-proto@https://registry.npmjs.org/dunder-proto/-/dunder-proto-1.0.1.tgz 0ms (cache hit)
263 http cache cross-spawn@https://registry.npmjs.org/cross-spawn/-/cross-spawn-7.0.6.tgz 0ms (cache hit)
264 http cache cookie@https://registry.npmjs.org/cookie/-/cookie-1.1.1.tgz 0ms (cache hit)
265 http cache combined-stream@https://registry.npmjs.org/combined-stream/-/combined-stream-1.0.8.tgz 0ms (cache hit)
266 http cache debug@https://registry.npmjs.org/debug/-/debug-4.4.3.tgz 0ms (cache hit)
267 http cache convert-source-map@https://registry.npmjs.org/convert-source-map/-/convert-source-map-2.0.0.tgz 0ms (cache hit)
268 http cache csstype@https://registry.npmjs.org/csstype/-/csstype-3.2.3.tgz 0ms (cache hit)
269 http cache brace-expansion@https://registry.npmjs.org/brace-expansion/-/brace-expansion-5.0.8.tgz 0ms (cache hit)
270 http cache caniuse-lite@https://registry.npmjs.org/caniuse-lite/-/caniuse-lite-1.0.30001806.tgz 0ms (cache hit)
271 http cache asynckit@https://registry.npmjs.org/asynckit/-/asynckit-0.4.0.tgz 0ms (cache hit)
272 http cache axios@https://registry.npmjs.org/axios/-/axios-1.18.1.tgz 0ms (cache hit)
273 http cache baseline-browser-mapping@https://registry.npmjs.org/baseline-browser-mapping/-/baseline-browser-mapping-2.11.5.tgz 0ms (cache hit)
274 http cache browserslist@https://registry.npmjs.org/browserslist/-/browserslist-4.28.7.tgz 0ms (cache hit)
275 http cache balanced-match@https://registry.npmjs.org/balanced-match/-/balanced-match-4.0.4.tgz 0ms (cache hit)
276 http cache autoprefixer@https://registry.npmjs.org/autoprefixer/-/autoprefixer-10.5.4.tgz 0ms (cache hit)
277 http cache call-bind-apply-helpers@https://registry.npmjs.org/call-bind-apply-helpers/-/call-bind-apply-helpers-1.0.2.tgz 0ms (cache hit)
278 http cache acorn@https://registry.npmjs.org/acorn/-/acorn-8.18.0.tgz 1ms (cache hit)
279 http cache agent-base@https://registry.npmjs.org/agent-base/-/agent-base-6.0.2.tgz 0ms (cache hit)
280 http cache ajv@https://registry.npmjs.org/ajv/-/ajv-6.15.0.tgz 0ms (cache hit)
281 http cache acorn-jsx@https://registry.npmjs.org/acorn-jsx/-/acorn-jsx-5.3.2.tgz 0ms (cache hit)
282 http cache @typescript-eslint/typescript-estree@https://registry.npmjs.org/@typescript-eslint/typescript-estree/-/typescript-estree-8.65.0.tgz 0ms (cache hit)
283 http cache @typescript-eslint/tsconfig-utils@https://registry.npmjs.org/@typescript-eslint/tsconfig-utils/-/tsconfig-utils-8.65.0.tgz 0ms (cache hit)
284 http cache @typescript-eslint/type-utils@https://registry.npmjs.org/@typescript-eslint/type-utils/-/type-utils-8.65.0.tgz 0ms (cache hit)
285 http cache @typescript-eslint/utils@https://registry.npmjs.org/@typescript-eslint/utils/-/utils-8.65.0.tgz 0ms (cache hit)
286 http cache @typescript-eslint/visitor-keys@https://registry.npmjs.org/@typescript-eslint/visitor-keys/-/visitor-keys-8.65.0.tgz 0ms (cache hit)
287 http cache @typescript-eslint/types@https://registry.npmjs.org/@typescript-eslint/types/-/types-8.65.0.tgz 0ms (cache hit)
288 http cache @vitejs/plugin-react@https://registry.npmjs.org/@vitejs/plugin-react/-/plugin-react-6.0.4.tgz 0ms (cache hit)
289 http cache @types/react-dom@https://registry.npmjs.org/@types/react-dom/-/react-dom-19.2.3.tgz 0ms (cache hit)
290 http cache @types/react@https://registry.npmjs.org/@types/react/-/react-19.2.17.tgz 0ms (cache hit)
291 http cache @typescript-eslint/parser@https://registry.npmjs.org/@typescript-eslint/parser/-/parser-8.65.0.tgz 0ms (cache hit)
292 http cache @typescript-eslint/project-service@https://registry.npmjs.org/@typescript-eslint/project-service/-/project-service-8.65.0.tgz 0ms (cache hit)
293 http cache @types/json-schema@https://registry.npmjs.org/@types/json-schema/-/json-schema-7.0.15.tgz 0ms (cache hit)
294 http cache @typescript-eslint/scope-manager@https://registry.npmjs.org/@typescript-eslint/scope-manager/-/scope-manager-8.65.0.tgz 0ms (cache hit)
295 http cache @types/estree@https://registry.npmjs.org/@types/estree/-/estree-1.0.9.tgz 0ms (cache hit)
296 http cache @types/esrecurse@https://registry.npmjs.org/@types/esrecurse/-/esrecurse-4.3.1.tgz 0ms (cache hit)
297 http cache @tailwindcss/node@https://registry.npmjs.org/@tailwindcss/node/-/node-4.3.3.tgz 0ms (cache hit)
298 http cache @typescript-eslint/eslint-plugin@https://registry.npmjs.org/@typescript-eslint/eslint-plugin/-/eslint-plugin-8.65.0.tgz 0ms (cache hit)
299 http cache @tailwindcss/oxide-win32-x64-msvc@https://registry.npmjs.org/@tailwindcss/oxide-win32-x64-msvc/-/oxide-win32-x64-msvc-4.3.3.tgz 0ms (cache hit)
300 http cache @tailwindcss/vite@https://registry.npmjs.org/@tailwindcss/vite/-/vite-4.3.3.tgz 0ms (cache hit)
301 http cache @rolldown/pluginutils@https://registry.npmjs.org/@rolldown/pluginutils/-/pluginutils-1.0.1.tgz 0ms (cache hit)
302 http cache @jridgewell/trace-mapping@https://registry.npmjs.org/@jridgewell/trace-mapping/-/trace-mapping-0.3.31.tgz 0ms (cache hit)
303 http cache @jridgewell/sourcemap-codec@https://registry.npmjs.org/@jridgewell/sourcemap-codec/-/sourcemap-codec-1.5.5.tgz 0ms (cache hit)
304 http cache @tailwindcss/oxide@https://registry.npmjs.org/@tailwindcss/oxide/-/oxide-4.3.3.tgz 0ms (cache hit)
305 http cache @rolldown/binding-win32-x64-msvc@https://registry.npmjs.org/@rolldown/binding-win32-x64-msvc/-/binding-win32-x64-msvc-1.1.5.tgz 0ms (cache hit)
306 http cache @oxlint/binding-win32-x64-msvc@https://registry.npmjs.org/@oxlint/binding-win32-x64-msvc/-/binding-win32-x64-msvc-1.76.0.tgz 0ms (cache hit)
307 http cache @tybys/wasm-util@https://registry.npmjs.org/@tybys/wasm-util/-/wasm-util-0.10.3.tgz 0ms (cache hit)
308 http cache @jridgewell/resolve-uri@https://registry.npmjs.org/@jridgewell/resolve-uri/-/resolve-uri-3.1.2.tgz 0ms (cache hit)
309 http cache @jridgewell/remapping@https://registry.npmjs.org/@jridgewell/remapping/-/remapping-2.3.5.tgz 0ms (cache hit)
310 http cache @oxc-project/types@https://registry.npmjs.org/@oxc-project/types/-/types-0.139.0.tgz 0ms (cache hit)
311 http cache @jridgewell/gen-mapping@https://registry.npmjs.org/@jridgewell/gen-mapping/-/gen-mapping-0.3.13.tgz 0ms (cache hit)
312 http cache @eslint/js@https://registry.npmjs.org/@eslint/js/-/js-10.0.1.tgz 0ms (cache hit)
313 http cache @humanfs/types@https://registry.npmjs.org/@humanfs/types/-/types-0.15.0.tgz 0ms (cache hit)
314 http cache @humanfs/core@https://registry.npmjs.org/@humanfs/core/-/core-0.19.2.tgz 0ms (cache hit)
315 http cache @humanfs/node@https://registry.npmjs.org/@humanfs/node/-/node-0.16.8.tgz 0ms (cache hit)
316 http cache @napi-rs/wasm-runtime@https://registry.npmjs.org/@napi-rs/wasm-runtime/-/wasm-runtime-1.1.6.tgz 0ms (cache hit)
317 http cache @eslint/plugin-kit@https://registry.npmjs.org/@eslint/plugin-kit/-/plugin-kit-0.7.2.tgz 0ms (cache hit)
318 http cache @humanwhocodes/module-importer@https://registry.npmjs.org/@humanwhocodes/module-importer/-/module-importer-1.0.1.tgz 0ms (cache hit)
319 http cache @eslint/object-schema@https://registry.npmjs.org/@eslint/object-schema/-/object-schema-3.0.5.tgz 0ms (cache hit)
320 http cache @eslint/core@https://registry.npmjs.org/@eslint/core/-/core-1.2.1.tgz 0ms (cache hit)
321 http cache @eslint/config-array@https://registry.npmjs.org/@eslint/config-array/-/config-array-0.23.5.tgz 0ms (cache hit)
322 http cache @humanwhocodes/retry@https://registry.npmjs.org/@humanwhocodes/retry/-/retry-0.4.3.tgz 0ms (cache hit)
323 http cache @emnapi/wasi-threads@https://registry.npmjs.org/@emnapi/wasi-threads/-/wasi-threads-1.2.2.tgz 0ms (cache hit)
324 http cache @emnapi/runtime@https://registry.npmjs.org/@emnapi/runtime/-/runtime-1.11.1.tgz 0ms (cache hit)
325 http cache @emnapi/core@https://registry.npmjs.org/@emnapi/core/-/core-1.11.1.tgz 0ms (cache hit)
326 http cache @eslint/config-helpers@https://registry.npmjs.org/@eslint/config-helpers/-/config-helpers-0.7.0.tgz 0ms (cache hit)
327 http cache @eslint-community/regexpp@https://registry.npmjs.org/@eslint-community/regexpp/-/regexpp-4.12.2.tgz 0ms (cache hit)
328 http cache @babel/traverse@https://registry.npmjs.org/@babel/traverse/-/traverse-7.29.7.tgz 0ms (cache hit)
329 http cache @eslint-community/eslint-utils@https://registry.npmjs.org/@eslint-community/eslint-utils/-/eslint-utils-4.10.1.tgz 0ms (cache hit)
330 http cache @babel/types@https://registry.npmjs.org/@babel/types/-/types-7.29.7.tgz 0ms (cache hit)
331 http cache @babel/helper-validator-option@https://registry.npmjs.org/@babel/helper-validator-option/-/helper-validator-option-7.29.7.tgz 0ms (cache hit)
332 http cache @babel/template@https://registry.npmjs.org/@babel/template/-/template-7.29.7.tgz 0ms (cache hit)
333 http cache @babel/helper-string-parser@https://registry.npmjs.org/@babel/helper-string-parser/-/helper-string-parser-7.29.7.tgz 0ms (cache hit)
334 http cache @babel/helper-globals@https://registry.npmjs.org/@babel/helper-globals/-/helper-globals-7.29.7.tgz 0ms (cache hit)
335 http cache @babel/parser@https://registry.npmjs.org/@babel/parser/-/parser-7.29.7.tgz 0ms (cache hit)
336 http cache @babel/helpers@https://registry.npmjs.org/@babel/helpers/-/helpers-7.29.7.tgz 0ms (cache hit)
337 http cache @babel/helper-compilation-targets@https://registry.npmjs.org/@babel/helper-compilation-targets/-/helper-compilation-targets-7.29.7.tgz 0ms (cache hit)
338 http cache @babel/helper-validator-identifier@https://registry.npmjs.org/@babel/helper-validator-identifier/-/helper-validator-identifier-7.29.7.tgz 0ms (cache hit)
339 http cache @babel/helper-module-transforms@https://registry.npmjs.org/@babel/helper-module-transforms/-/helper-module-transforms-7.29.7.tgz 0ms (cache hit)
340 http cache lightningcss-win32-x64-msvc@https://registry.npmjs.org/lightningcss-win32-x64-msvc/-/lightningcss-win32-x64-msvc-1.32.0.tgz 0ms (cache hit)
341 http cache @babel/core@https://registry.npmjs.org/@babel/core/-/core-7.29.7.tgz 0ms (cache hit)
342 http cache @babel/generator@https://registry.npmjs.org/@babel/generator/-/generator-7.29.7.tgz 0ms (cache hit)
343 http cache @babel/helper-module-imports@https://registry.npmjs.org/@babel/helper-module-imports/-/helper-module-imports-7.29.7.tgz 0ms (cache hit)
344 http cache @babel/code-frame@https://registry.npmjs.org/@babel/code-frame/-/code-frame-7.29.7.tgz 0ms (cache hit)
345 http cache @babel/compat-data@https://registry.npmjs.org/@babel/compat-data/-/compat-data-7.29.7.tgz 0ms (cache hit)
346 http cache ignore@https://registry.npmjs.org/ignore/-/ignore-7.0.6.tgz 0ms (cache hit)
347 http cache lightningcss@https://registry.npmjs.org/lightningcss/-/lightningcss-1.32.0.tgz 0ms (cache hit)
348 silly tarball no local data for zod@https://registry.npmjs.org/zod/-/zod-4.4.3.tgz. Extracting by manifest.
349 silly tarball no local data for yallist@https://registry.npmjs.org/yallist/-/yallist-3.1.1.tgz. Extracting by manifest.
350 silly tarball no local data for zod-validation-error@https://registry.npmjs.org/zod-validation-error/-/zod-validation-error-4.0.2.tgz. Extracting by manifest.
351 silly tarball no local data for yocto-queue@https://registry.npmjs.org/yocto-queue/-/yocto-queue-0.1.0.tgz. Extracting by manifest.
352 silly tarball no local data for vite@https://registry.npmjs.org/vite/-/vite-8.1.5.tgz. Extracting by manifest.
353 silly tarball no local data for word-wrap@https://registry.npmjs.org/word-wrap/-/word-wrap-1.2.5.tgz. Extracting by manifest.
354 silly tarball no local data for which@https://registry.npmjs.org/which/-/which-2.0.2.tgz. Extracting by manifest.
355 silly tarball no local data for typescript-eslint@https://registry.npmjs.org/typescript-eslint/-/typescript-eslint-8.65.0.tgz. Extracting by manifest.
356 silly tarball no local data for update-browserslist-db@https://registry.npmjs.org/update-browserslist-db/-/update-browserslist-db-1.2.3.tgz. Extracting by manifest.
357 silly tarball no local data for type-check@https://registry.npmjs.org/type-check/-/type-check-0.4.0.tgz. Extracting by manifest.
358 silly tarball no local data for uri-js@https://registry.npmjs.org/uri-js/-/uri-js-4.4.1.tgz. Extracting by manifest.
359 silly tarball no local data for typescript@https://registry.npmjs.org/typescript/-/typescript-6.0.3.tgz. Extracting by manifest.
360 silly tarball no local data for ts-api-utils@https://registry.npmjs.org/ts-api-utils/-/ts-api-utils-2.5.0.tgz. Extracting by manifest.
361 silly tarball no local data for tailwindcss@https://registry.npmjs.org/tailwindcss/-/tailwindcss-4.3.3.tgz. Extracting by manifest.
362 silly tarball no local data for tslib@https://registry.npmjs.org/tslib/-/tslib-2.8.1.tgz. Extracting by manifest.
363 silly tarball no local data for tapable@https://registry.npmjs.org/tapable/-/tapable-2.3.3.tgz. Extracting by manifest.
364 silly tarball no local data for tinyglobby@https://registry.npmjs.org/tinyglobby/-/tinyglobby-0.2.17.tgz. Extracting by manifest.
365 silly tarball no local data for shebang-regex@https://registry.npmjs.org/shebang-regex/-/shebang-regex-3.0.0.tgz. Extracting by manifest.
366 silly tarball no local data for shebang-command@https://registry.npmjs.org/shebang-command/-/shebang-command-2.0.0.tgz. Extracting by manifest.
367 silly tarball no local data for source-map-js@https://registry.npmjs.org/source-map-js/-/source-map-js-1.2.1.tgz. Extracting by manifest.
368 http cache eslint-visitor-keys@https://registry.npmjs.org/eslint-visitor-keys/-/eslint-visitor-keys-3.4.3.tgz 0ms (cache hit)
369 silly tarball no local data for scheduler@https://registry.npmjs.org/scheduler/-/scheduler-0.27.0.tgz. Extracting by manifest.
370 silly tarball no local data for set-cookie-parser@https://registry.npmjs.org/set-cookie-parser/-/set-cookie-parser-2.7.2.tgz. Extracting by manifest.
371 silly tarball no local data for rolldown@https://registry.npmjs.org/rolldown/-/rolldown-1.1.5.tgz. Extracting by manifest.
372 silly tarball no local data for semver@https://registry.npmjs.org/semver/-/semver-6.3.1.tgz. Extracting by manifest.
373 silly tarball no local data for react-dom@https://registry.npmjs.org/react-dom/-/react-dom-19.2.8.tgz. Extracting by manifest.
374 silly tarball no local data for punycode@https://registry.npmjs.org/punycode/-/punycode-2.3.1.tgz. Extracting by manifest.
375 silly tarball no local data for react-router@https://registry.npmjs.org/react-router/-/react-router-7.18.1.tgz. Extracting by manifest.
376 silly tarball no local data for react-router-dom@https://registry.npmjs.org/react-router-dom/-/react-router-dom-7.18.1.tgz. Extracting by manifest.
377 http cache semver@https://registry.npmjs.org/semver/-/semver-7.8.5.tgz 0ms (cache hit)
378 silly tarball no local data for react@https://registry.npmjs.org/react/-/react-19.2.8.tgz. Extracting by manifest.
379 silly tarball no local data for proxy-from-env@https://registry.npmjs.org/proxy-from-env/-/proxy-from-env-2.1.0.tgz. Extracting by manifest.
380 silly tarball no local data for postcss-value-parser@https://registry.npmjs.org/postcss-value-parser/-/postcss-value-parser-4.2.0.tgz. Extracting by manifest.
381 silly tarball no local data for picomatch@https://registry.npmjs.org/picomatch/-/picomatch-4.0.5.tgz. Extracting by manifest.
382 silly tarball no local data for prelude-ls@https://registry.npmjs.org/prelude-ls/-/prelude-ls-1.2.1.tgz. Extracting by manifest.
383 silly tarball no local data for p-locate@https://registry.npmjs.org/p-locate/-/p-locate-5.0.0.tgz. Extracting by manifest.
384 silly tarball no local data for picocolors@https://registry.npmjs.org/picocolors/-/picocolors-1.1.1.tgz. Extracting by manifest.
385 silly tarball no local data for path-key@https://registry.npmjs.org/path-key/-/path-key-3.1.1.tgz. Extracting by manifest.
386 silly tarball no local data for oxlint@https://registry.npmjs.org/oxlint/-/oxlint-1.76.0.tgz. Extracting by manifest.
387 silly tarball no local data for path-exists@https://registry.npmjs.org/path-exists/-/path-exists-4.0.0.tgz. Extracting by manifest.
388 silly tarball no local data for natural-compare@https://registry.npmjs.org/natural-compare/-/natural-compare-1.4.0.tgz. Extracting by manifest.
389 silly tarball no local data for p-limit@https://registry.npmjs.org/p-limit/-/p-limit-3.1.0.tgz. Extracting by manifest.
390 silly tarball no local data for ms@https://registry.npmjs.org/ms/-/ms-2.1.3.tgz. Extracting by manifest.
391 silly tarball no local data for postcss@https://registry.npmjs.org/postcss/-/postcss-8.5.23.tgz. Extracting by manifest.
392 silly tarball no local data for prettier@https://registry.npmjs.org/prettier/-/prettier-3.9.6.tgz. Extracting by manifest.
393 silly tarball no local data for optionator@https://registry.npmjs.org/optionator/-/optionator-0.9.4.tgz. Extracting by manifest.
394 silly tarball no local data for node-releases@https://registry.npmjs.org/node-releases/-/node-releases-2.0.51.tgz. Extracting by manifest.
395 silly tarball no local data for math-intrinsics@https://registry.npmjs.org/math-intrinsics/-/math-intrinsics-1.1.0.tgz. Extracting by manifest.
396 silly tarball no local data for minimatch@https://registry.npmjs.org/minimatch/-/minimatch-10.2.6.tgz. Extracting by manifest.
397 silly tarball no local data for mime-db@https://registry.npmjs.org/mime-db/-/mime-db-1.52.0.tgz. Extracting by manifest.
398 silly tarball no local data for mime-types@https://registry.npmjs.org/mime-types/-/mime-types-2.1.35.tgz. Extracting by manifest.
399 silly tarball no local data for nanoid@https://registry.npmjs.org/nanoid/-/nanoid-3.3.16.tgz. Extracting by manifest.
400 silly tarball no local data for magic-string@https://registry.npmjs.org/magic-string/-/magic-string-0.30.21.tgz. Extracting by manifest.
401 silly tarball no local data for lru-cache@https://registry.npmjs.org/lru-cache/-/lru-cache-5.1.1.tgz. Extracting by manifest.
402 silly tarball no local data for lucide-react@https://registry.npmjs.org/lucide-react/-/lucide-react-1.27.0.tgz. Extracting by manifest.
403 silly tarball no local data for lightningcss-win32-x64-msvc@https://registry.npmjs.org/lightningcss-win32-x64-msvc/-/lightningcss-win32-x64-msvc-1.33.0.tgz. Extracting by manifest.
404 silly tarball no local data for levn@https://registry.npmjs.org/levn/-/levn-0.4.1.tgz. Extracting by manifest.
405 silly tarball no local data for locate-path@https://registry.npmjs.org/locate-path/-/locate-path-6.0.0.tgz. Extracting by manifest.
406 silly tarball no local data for json5@https://registry.npmjs.org/json5/-/json5-2.2.3.tgz. Extracting by manifest.
407 silly tarball no local data for keyv@https://registry.npmjs.org/keyv/-/keyv-4.5.4.tgz. Extracting by manifest.
408 silly tarball no local data for json-schema-traverse@https://registry.npmjs.org/json-schema-traverse/-/json-schema-traverse-0.4.1.tgz. Extracting by manifest.
409 silly tarball no local data for json-stable-stringify-without-jsonify@https://registry.npmjs.org/json-stable-stringify-without-jsonify/-/json-stable-stringify-without-jsonify-1.0.1.tgz. Extracting by manifest.
410 silly tarball no local data for lightningcss@https://registry.npmjs.org/lightningcss/-/lightningcss-1.33.0.tgz. Extracting by manifest.
411 silly tarball no local data for json-buffer@https://registry.npmjs.org/json-buffer/-/json-buffer-3.0.1.tgz. Extracting by manifest.
412 silly tarball no local data for jsesc@https://registry.npmjs.org/jsesc/-/jsesc-3.1.0.tgz. Extracting by manifest.
413 silly tarball no local data for jiti@https://registry.npmjs.org/jiti/-/jiti-2.7.0.tgz. Extracting by manifest.
414 silly tarball no local data for is-glob@https://registry.npmjs.org/is-glob/-/is-glob-4.0.3.tgz. Extracting by manifest.
415 silly tarball no local data for is-extglob@https://registry.npmjs.org/is-extglob/-/is-extglob-2.1.1.tgz. Extracting by manifest.
416 silly tarball no local data for imurmurhash@https://registry.npmjs.org/imurmurhash/-/imurmurhash-0.1.4.tgz. Extracting by manifest.
417 silly tarball no local data for isexe@https://registry.npmjs.org/isexe/-/isexe-2.0.0.tgz. Extracting by manifest.
418 silly tarball no local data for js-tokens@https://registry.npmjs.org/js-tokens/-/js-tokens-4.0.0.tgz. Extracting by manifest.
419 silly tarball no local data for hermes-parser@https://registry.npmjs.org/hermes-parser/-/hermes-parser-0.25.1.tgz. Extracting by manifest.
420 silly tarball no local data for https-proxy-agent@https://registry.npmjs.org/https-proxy-agent/-/https-proxy-agent-5.0.1.tgz. Extracting by manifest.
421 silly tarball no local data for hermes-estree@https://registry.npmjs.org/hermes-estree/-/hermes-estree-0.25.1.tgz. Extracting by manifest.
422 silly tarball no local data for has-tostringtag@https://registry.npmjs.org/has-tostringtag/-/has-tostringtag-1.0.2.tgz. Extracting by manifest.
423 silly tarball no local data for graceful-fs@https://registry.npmjs.org/graceful-fs/-/graceful-fs-4.2.11.tgz. Extracting by manifest.
424 silly tarball no local data for glob-parent@https://registry.npmjs.org/glob-parent/-/glob-parent-6.0.2.tgz. Extracting by manifest.
425 silly tarball no local data for ignore@https://registry.npmjs.org/ignore/-/ignore-5.3.2.tgz. Extracting by manifest.
426 silly tarball no local data for hasown@https://registry.npmjs.org/hasown/-/hasown-2.0.4.tgz. Extracting by manifest.
427 silly tarball no local data for has-symbols@https://registry.npmjs.org/has-symbols/-/has-symbols-1.1.0.tgz. Extracting by manifest.
428 silly tarball no local data for globals@https://registry.npmjs.org/globals/-/globals-17.8.0.tgz. Extracting by manifest.
429 silly tarball no local data for get-intrinsic@https://registry.npmjs.org/get-intrinsic/-/get-intrinsic-1.3.0.tgz. Extracting by manifest.
430 silly tarball no local data for gensync@https://registry.npmjs.org/gensync/-/gensync-1.0.0-beta.2.tgz. Extracting by manifest.
431 silly tarball no local data for fraction.js@https://registry.npmjs.org/fraction.js/-/fraction.js-5.3.4.tgz. Extracting by manifest.
432 silly tarball no local data for function-bind@https://registry.npmjs.org/function-bind/-/function-bind-1.1.2.tgz. Extracting by manifest.
433 silly tarball no local data for get-proto@https://registry.npmjs.org/get-proto/-/get-proto-1.0.1.tgz. Extracting by manifest.
434 silly tarball no local data for gopd@https://registry.npmjs.org/gopd/-/gopd-1.2.0.tgz. Extracting by manifest.
435 silly tarball no local data for follow-redirects@https://registry.npmjs.org/follow-redirects/-/follow-redirects-1.16.0.tgz. Extracting by manifest.
436 silly tarball no local data for form-data@https://registry.npmjs.org/form-data/-/form-data-4.0.6.tgz. Extracting by manifest.
437 silly tarball no local data for flatted@https://registry.npmjs.org/flatted/-/flatted-3.4.3.tgz. Extracting by manifest.
438 silly tarball no local data for fdir@https://registry.npmjs.org/fdir/-/fdir-6.5.0.tgz. Extracting by manifest.
439 silly tarball no local data for file-entry-cache@https://registry.npmjs.org/file-entry-cache/-/file-entry-cache-8.0.0.tgz. Extracting by manifest.
440 silly tarball no local data for flat-cache@https://registry.npmjs.org/flat-cache/-/flat-cache-4.0.1.tgz. Extracting by manifest.
441 silly tarball no local data for find-up@https://registry.npmjs.org/find-up/-/find-up-5.0.0.tgz. Extracting by manifest.
442 silly tarball no local data for fast-json-stable-stringify@https://registry.npmjs.org/fast-json-stable-stringify/-/fast-json-stable-stringify-2.1.0.tgz. Extracting by manifest.
443 silly tarball no local data for fast-levenshtein@https://registry.npmjs.org/fast-levenshtein/-/fast-levenshtein-2.0.6.tgz. Extracting by manifest.
444 silly tarball no local data for esrecurse@https://registry.npmjs.org/esrecurse/-/esrecurse-4.3.0.tgz. Extracting by manifest.
445 silly tarball no local data for eslint-visitor-keys@https://registry.npmjs.org/eslint-visitor-keys/-/eslint-visitor-keys-5.0.1.tgz. Extracting by manifest.
446 silly tarball no local data for esutils@https://registry.npmjs.org/esutils/-/esutils-2.0.3.tgz. Extracting by manifest.
447 silly tarball no local data for esquery@https://registry.npmjs.org/esquery/-/esquery-1.7.0.tgz. Extracting by manifest.
448 silly tarball no local data for fast-deep-equal@https://registry.npmjs.org/fast-deep-equal/-/fast-deep-equal-3.1.3.tgz. Extracting by manifest.
449 silly tarball no local data for estraverse@https://registry.npmjs.org/estraverse/-/estraverse-5.3.0.tgz. Extracting by manifest.
450 silly tarball no local data for eslint-scope@https://registry.npmjs.org/eslint-scope/-/eslint-scope-9.1.2.tgz. Extracting by manifest.
451 silly tarball no local data for espree@https://registry.npmjs.org/espree/-/espree-11.2.0.tgz. Extracting by manifest.
452 silly tarball no local data for eslint-plugin-react-hooks@https://registry.npmjs.org/eslint-plugin-react-hooks/-/eslint-plugin-react-hooks-7.1.1.tgz. Extracting by manifest.
453 silly tarball no local data for eslint@https://registry.npmjs.org/eslint/-/eslint-10.8.0.tgz. Extracting by manifest.
454 silly tarball no local data for escape-string-regexp@https://registry.npmjs.org/escape-string-regexp/-/escape-string-regexp-4.0.0.tgz. Extracting by manifest.
455 silly tarball no local data for escalade@https://registry.npmjs.org/escalade/-/escalade-3.2.0.tgz. Extracting by manifest.
456 silly tarball no local data for eslint-plugin-react-refresh@https://registry.npmjs.org/eslint-plugin-react-refresh/-/eslint-plugin-react-refresh-0.5.3.tgz. Extracting by manifest.
457 silly tarball no local data for es-object-atoms@https://registry.npmjs.org/es-object-atoms/-/es-object-atoms-1.1.2.tgz. Extracting by manifest.
458 silly tarball no local data for enhanced-resolve@https://registry.npmjs.org/enhanced-resolve/-/enhanced-resolve-5.24.3.tgz. Extracting by manifest.
459 silly tarball no local data for es-define-property@https://registry.npmjs.org/es-define-property/-/es-define-property-1.0.1.tgz. Extracting by manifest.
460 silly tarball no local data for deep-is@https://registry.npmjs.org/deep-is/-/deep-is-0.1.4.tgz. Extracting by manifest.
461 silly tarball no local data for detect-libc@https://registry.npmjs.org/detect-libc/-/detect-libc-2.1.2.tgz. Extracting by manifest.
462 silly tarball no local data for electron-to-chromium@https://registry.npmjs.org/electron-to-chromium/-/electron-to-chromium-1.5.396.tgz. Extracting by manifest.
463 silly tarball no local data for es-errors@https://registry.npmjs.org/es-errors/-/es-errors-1.3.0.tgz. Extracting by manifest.
464 silly tarball no local data for es-set-tostringtag@https://registry.npmjs.org/es-set-tostringtag/-/es-set-tostringtag-2.1.0.tgz. Extracting by manifest.
465 silly tarball no local data for delayed-stream@https://registry.npmjs.org/delayed-stream/-/delayed-stream-1.0.0.tgz. Extracting by manifest.
466 silly tarball no local data for dunder-proto@https://registry.npmjs.org/dunder-proto/-/dunder-proto-1.0.1.tgz. Extracting by manifest.
467 silly tarball no local data for cross-spawn@https://registry.npmjs.org/cross-spawn/-/cross-spawn-7.0.6.tgz. Extracting by manifest.
468 silly tarball no local data for cookie@https://registry.npmjs.org/cookie/-/cookie-1.1.1.tgz. Extracting by manifest.
469 silly tarball no local data for combined-stream@https://registry.npmjs.org/combined-stream/-/combined-stream-1.0.8.tgz. Extracting by manifest.
470 silly tarball no local data for debug@https://registry.npmjs.org/debug/-/debug-4.4.3.tgz. Extracting by manifest.
471 silly tarball no local data for convert-source-map@https://registry.npmjs.org/convert-source-map/-/convert-source-map-2.0.0.tgz. Extracting by manifest.
472 silly tarball no local data for csstype@https://registry.npmjs.org/csstype/-/csstype-3.2.3.tgz. Extracting by manifest.
473 silly tarball no local data for brace-expansion@https://registry.npmjs.org/brace-expansion/-/brace-expansion-5.0.8.tgz. Extracting by manifest.
474 silly tarball no local data for caniuse-lite@https://registry.npmjs.org/caniuse-lite/-/caniuse-lite-1.0.30001806.tgz. Extracting by manifest.
475 silly tarball no local data for asynckit@https://registry.npmjs.org/asynckit/-/asynckit-0.4.0.tgz. Extracting by manifest.
476 silly tarball no local data for axios@https://registry.npmjs.org/axios/-/axios-1.18.1.tgz. Extracting by manifest.
477 silly tarball no local data for baseline-browser-mapping@https://registry.npmjs.org/baseline-browser-mapping/-/baseline-browser-mapping-2.11.5.tgz. Extracting by manifest.
478 silly tarball no local data for browserslist@https://registry.npmjs.org/browserslist/-/browserslist-4.28.7.tgz. Extracting by manifest.
479 silly tarball no local data for balanced-match@https://registry.npmjs.org/balanced-match/-/balanced-match-4.0.4.tgz. Extracting by manifest.
480 silly tarball no local data for autoprefixer@https://registry.npmjs.org/autoprefixer/-/autoprefixer-10.5.4.tgz. Extracting by manifest.
481 silly tarball no local data for call-bind-apply-helpers@https://registry.npmjs.org/call-bind-apply-helpers/-/call-bind-apply-helpers-1.0.2.tgz. Extracting by manifest.
482 silly tarball no local data for acorn@https://registry.npmjs.org/acorn/-/acorn-8.18.0.tgz. Extracting by manifest.
483 silly tarball no local data for agent-base@https://registry.npmjs.org/agent-base/-/agent-base-6.0.2.tgz. Extracting by manifest.
484 silly tarball no local data for ajv@https://registry.npmjs.org/ajv/-/ajv-6.15.0.tgz. Extracting by manifest.
485 silly tarball no local data for @typescript-eslint/typescript-estree@https://registry.npmjs.org/@typescript-eslint/typescript-estree/-/typescript-estree-8.65.0.tgz. Extracting by manifest.
486 silly tarball no local data for acorn-jsx@https://registry.npmjs.org/acorn-jsx/-/acorn-jsx-5.3.2.tgz. Extracting by manifest.
487 silly tarball no local data for @typescript-eslint/tsconfig-utils@https://registry.npmjs.org/@typescript-eslint/tsconfig-utils/-/tsconfig-utils-8.65.0.tgz. Extracting by manifest.
488 silly tarball no local data for @typescript-eslint/type-utils@https://registry.npmjs.org/@typescript-eslint/type-utils/-/type-utils-8.65.0.tgz. Extracting by manifest.
489 silly tarball no local data for @typescript-eslint/utils@https://registry.npmjs.org/@typescript-eslint/utils/-/utils-8.65.0.tgz. Extracting by manifest.
490 silly tarball no local data for @typescript-eslint/visitor-keys@https://registry.npmjs.org/@typescript-eslint/visitor-keys/-/visitor-keys-8.65.0.tgz. Extracting by manifest.
491 silly tarball no local data for @typescript-eslint/types@https://registry.npmjs.org/@typescript-eslint/types/-/types-8.65.0.tgz. Extracting by manifest.
492 silly tarball no local data for @vitejs/plugin-react@https://registry.npmjs.org/@vitejs/plugin-react/-/plugin-react-6.0.4.tgz. Extracting by manifest.
493 silly tarball no local data for @types/react-dom@https://registry.npmjs.org/@types/react-dom/-/react-dom-19.2.3.tgz. Extracting by manifest.
494 silly tarball no local data for @types/react@https://registry.npmjs.org/@types/react/-/react-19.2.17.tgz. Extracting by manifest.
495 silly tarball no local data for @typescript-eslint/parser@https://registry.npmjs.org/@typescript-eslint/parser/-/parser-8.65.0.tgz. Extracting by manifest.
496 silly tarball no local data for @typescript-eslint/project-service@https://registry.npmjs.org/@typescript-eslint/project-service/-/project-service-8.65.0.tgz. Extracting by manifest.
497 silly tarball no local data for @types/json-schema@https://registry.npmjs.org/@types/json-schema/-/json-schema-7.0.15.tgz. Extracting by manifest.
498 silly tarball no local data for @typescript-eslint/scope-manager@https://registry.npmjs.org/@typescript-eslint/scope-manager/-/scope-manager-8.65.0.tgz. Extracting by manifest.
499 silly tarball no local data for @types/estree@https://registry.npmjs.org/@types/estree/-/estree-1.0.9.tgz. Extracting by manifest.
500 silly tarball no local data for @types/esrecurse@https://registry.npmjs.org/@types/esrecurse/-/esrecurse-4.3.1.tgz. Extracting by manifest.
501 silly tarball no local data for @tailwindcss/node@https://registry.npmjs.org/@tailwindcss/node/-/node-4.3.3.tgz. Extracting by manifest.
502 silly tarball no local data for @tailwindcss/oxide-win32-x64-msvc@https://registry.npmjs.org/@tailwindcss/oxide-win32-x64-msvc/-/oxide-win32-x64-msvc-4.3.3.tgz. Extracting by manifest.
503 silly tarball no local data for @typescript-eslint/eslint-plugin@https://registry.npmjs.org/@typescript-eslint/eslint-plugin/-/eslint-plugin-8.65.0.tgz. Extracting by manifest.
504 silly tarball no local data for @tailwindcss/vite@https://registry.npmjs.org/@tailwindcss/vite/-/vite-4.3.3.tgz. Extracting by manifest.
505 silly tarball no local data for @rolldown/pluginutils@https://registry.npmjs.org/@rolldown/pluginutils/-/pluginutils-1.0.1.tgz. Extracting by manifest.
506 silly tarball no local data for @jridgewell/trace-mapping@https://registry.npmjs.org/@jridgewell/trace-mapping/-/trace-mapping-0.3.31.tgz. Extracting by manifest.
507 silly tarball no local data for @jridgewell/sourcemap-codec@https://registry.npmjs.org/@jridgewell/sourcemap-codec/-/sourcemap-codec-1.5.5.tgz. Extracting by manifest.
508 silly tarball no local data for @tailwindcss/oxide@https://registry.npmjs.org/@tailwindcss/oxide/-/oxide-4.3.3.tgz. Extracting by manifest.
509 silly tarball no local data for @rolldown/binding-win32-x64-msvc@https://registry.npmjs.org/@rolldown/binding-win32-x64-msvc/-/binding-win32-x64-msvc-1.1.5.tgz. Extracting by manifest.
510 silly tarball no local data for @oxlint/binding-win32-x64-msvc@https://registry.npmjs.org/@oxlint/binding-win32-x64-msvc/-/binding-win32-x64-msvc-1.76.0.tgz. Extracting by manifest.
511 silly tarball no local data for @tybys/wasm-util@https://registry.npmjs.org/@tybys/wasm-util/-/wasm-util-0.10.3.tgz. Extracting by manifest.
512 silly tarball no local data for @jridgewell/resolve-uri@https://registry.npmjs.org/@jridgewell/resolve-uri/-/resolve-uri-3.1.2.tgz. Extracting by manifest.
513 silly tarball no local data for @jridgewell/remapping@https://registry.npmjs.org/@jridgewell/remapping/-/remapping-2.3.5.tgz. Extracting by manifest.
514 silly tarball no local data for @oxc-project/types@https://registry.npmjs.org/@oxc-project/types/-/types-0.139.0.tgz. Extracting by manifest.
515 silly tarball no local data for @jridgewell/gen-mapping@https://registry.npmjs.org/@jridgewell/gen-mapping/-/gen-mapping-0.3.13.tgz. Extracting by manifest.
516 silly tarball no local data for @eslint/js@https://registry.npmjs.org/@eslint/js/-/js-10.0.1.tgz. Extracting by manifest.
517 silly tarball no local data for @humanfs/types@https://registry.npmjs.org/@humanfs/types/-/types-0.15.0.tgz. Extracting by manifest.
518 silly tarball no local data for @humanfs/core@https://registry.npmjs.org/@humanfs/core/-/core-0.19.2.tgz. Extracting by manifest.
519 silly tarball no local data for @humanfs/node@https://registry.npmjs.org/@humanfs/node/-/node-0.16.8.tgz. Extracting by manifest.
520 silly tarball no local data for @napi-rs/wasm-runtime@https://registry.npmjs.org/@napi-rs/wasm-runtime/-/wasm-runtime-1.1.6.tgz. Extracting by manifest.
521 silly tarball no local data for @eslint/plugin-kit@https://registry.npmjs.org/@eslint/plugin-kit/-/plugin-kit-0.7.2.tgz. Extracting by manifest.
522 silly tarball no local data for @humanwhocodes/module-importer@https://registry.npmjs.org/@humanwhocodes/module-importer/-/module-importer-1.0.1.tgz. Extracting by manifest.
523 silly tarball no local data for @eslint/object-schema@https://registry.npmjs.org/@eslint/object-schema/-/object-schema-3.0.5.tgz. Extracting by manifest.
524 silly tarball no local data for @eslint/core@https://registry.npmjs.org/@eslint/core/-/core-1.2.1.tgz. Extracting by manifest.
525 silly tarball no local data for @eslint/config-array@https://registry.npmjs.org/@eslint/config-array/-/config-array-0.23.5.tgz. Extracting by manifest.
526 silly tarball no local data for @humanwhocodes/retry@https://registry.npmjs.org/@humanwhocodes/retry/-/retry-0.4.3.tgz. Extracting by manifest.
527 silly tarball no local data for @emnapi/wasi-threads@https://registry.npmjs.org/@emnapi/wasi-threads/-/wasi-threads-1.2.2.tgz. Extracting by manifest.
528 silly tarball no local data for @emnapi/runtime@https://registry.npmjs.org/@emnapi/runtime/-/runtime-1.11.1.tgz. Extracting by manifest.
529 silly tarball no local data for @emnapi/core@https://registry.npmjs.org/@emnapi/core/-/core-1.11.1.tgz. Extracting by manifest.
530 silly tarball no local data for @eslint/config-helpers@https://registry.npmjs.org/@eslint/config-helpers/-/config-helpers-0.7.0.tgz. Extracting by manifest.
531 silly tarball no local data for @eslint-community/regexpp@https://registry.npmjs.org/@eslint-community/regexpp/-/regexpp-4.12.2.tgz. Extracting by manifest.
532 silly tarball no local data for @babel/traverse@https://registry.npmjs.org/@babel/traverse/-/traverse-7.29.7.tgz. Extracting by manifest.
533 silly tarball no local data for @eslint-community/eslint-utils@https://registry.npmjs.org/@eslint-community/eslint-utils/-/eslint-utils-4.10.1.tgz. Extracting by manifest.
534 silly tarball no local data for @babel/types@https://registry.npmjs.org/@babel/types/-/types-7.29.7.tgz. Extracting by manifest.
535 silly tarball no local data for @babel/helper-validator-option@https://registry.npmjs.org/@babel/helper-validator-option/-/helper-validator-option-7.29.7.tgz. Extracting by manifest.
536 silly tarball no local data for @babel/template@https://registry.npmjs.org/@babel/template/-/template-7.29.7.tgz. Extracting by manifest.
537 silly tarball no local data for @babel/helper-string-parser@https://registry.npmjs.org/@babel/helper-string-parser/-/helper-string-parser-7.29.7.tgz. Extracting by manifest.
538 silly tarball no local data for @babel/helper-globals@https://registry.npmjs.org/@babel/helper-globals/-/helper-globals-7.29.7.tgz. Extracting by manifest.
539 silly tarball no local data for @babel/parser@https://registry.npmjs.org/@babel/parser/-/parser-7.29.7.tgz. Extracting by manifest.
540 silly tarball no local data for @babel/helpers@https://registry.npmjs.org/@babel/helpers/-/helpers-7.29.7.tgz. Extracting by manifest.
541 silly tarball no local data for @babel/helper-compilation-targets@https://registry.npmjs.org/@babel/helper-compilation-targets/-/helper-compilation-targets-7.29.7.tgz. Extracting by manifest.
542 silly tarball no local data for @babel/helper-validator-identifier@https://registry.npmjs.org/@babel/helper-validator-identifier/-/helper-validator-identifier-7.29.7.tgz. Extracting by manifest.
543 silly tarball no local data for lightningcss-win32-x64-msvc@https://registry.npmjs.org/lightningcss-win32-x64-msvc/-/lightningcss-win32-x64-msvc-1.32.0.tgz. Extracting by manifest.
544 silly tarball no local data for @babel/helper-module-transforms@https://registry.npmjs.org/@babel/helper-module-transforms/-/helper-module-transforms-7.29.7.tgz. Extracting by manifest.
545 silly tarball no local data for @babel/core@https://registry.npmjs.org/@babel/core/-/core-7.29.7.tgz. Extracting by manifest.
546 silly tarball no local data for @babel/generator@https://registry.npmjs.org/@babel/generator/-/generator-7.29.7.tgz. Extracting by manifest.
547 silly tarball no local data for @babel/helper-module-imports@https://registry.npmjs.org/@babel/helper-module-imports/-/helper-module-imports-7.29.7.tgz. Extracting by manifest.
548 silly tarball no local data for @babel/code-frame@https://registry.npmjs.org/@babel/code-frame/-/code-frame-7.29.7.tgz. Extracting by manifest.
549 silly tarball no local data for @babel/compat-data@https://registry.npmjs.org/@babel/compat-data/-/compat-data-7.29.7.tgz. Extracting by manifest.
550 silly tarball no local data for ignore@https://registry.npmjs.org/ignore/-/ignore-7.0.6.tgz. Extracting by manifest.
551 silly tarball no local data for lightningcss@https://registry.npmjs.org/lightningcss/-/lightningcss-1.32.0.tgz. Extracting by manifest.
552 silly tarball no local data for eslint-visitor-keys@https://registry.npmjs.org/eslint-visitor-keys/-/eslint-visitor-keys-3.4.3.tgz. Extracting by manifest.
553 silly tarball no local data for semver@https://registry.npmjs.org/semver/-/semver-7.8.5.tgz. Extracting by manifest.
554 verbose audit error FetchError: request to https://registry.npmjs.org/-/npm/v1/security/audits/quick failed, reason: 
554 verbose audit error     at ClientRequest.<anonymous> (C:\Program Files\nodejs\node_modules\npm\node_modules\minipass-fetch\lib\index.js:130:14)
554 verbose audit error     at ClientRequest.emit (node:events:518:28)
554 verbose audit error     at emitErrorEvent (node:_http_client:104:11)
554 verbose audit error     at _destroy (node:_http_client:898:9)
554 verbose audit error     at onSocketNT (node:_http_client:918:5)
554 verbose audit error     at process.processTicksAndRejections (node:internal/process/task_queues:91:21) {
554 verbose audit error   code: 'EACCES',
554 verbose audit error   errno: 'EACCES',
554 verbose audit error   type: 'system'
554 verbose audit error }
555 silly audit error undefined
556 silly audit report null
557 http fetch GET https://registry.npmjs.org/zod/-/zod-4.4.3.tgz attempt 1 failed with EACCES
558 http fetch GET https://registry.npmjs.org/yallist/-/yallist-3.1.1.tgz attempt 1 failed with EACCES
559 http fetch GET https://registry.npmjs.org/zod-validation-error/-/zod-validation-error-4.0.2.tgz attempt 1 failed with EACCES
560 http fetch GET https://registry.npmjs.org/yocto-queue/-/yocto-queue-0.1.0.tgz attempt 1 failed with EACCES
561 http fetch GET https://registry.npmjs.org/vite/-/vite-8.1.5.tgz attempt 1 failed with EACCES
562 http fetch GET https://registry.npmjs.org/word-wrap/-/word-wrap-1.2.5.tgz attempt 1 failed with EACCES
563 http fetch GET https://registry.npmjs.org/which/-/which-2.0.2.tgz attempt 1 failed with EACCES
564 http fetch GET https://registry.npmjs.org/typescript-eslint/-/typescript-eslint-8.65.0.tgz attempt 1 failed with EACCES
565 http fetch GET https://registry.npmjs.org/update-browserslist-db/-/update-browserslist-db-1.2.3.tgz attempt 1 failed with EACCES
566 http fetch GET https://registry.npmjs.org/type-check/-/type-check-0.4.0.tgz attempt 1 failed with EACCES
567 http fetch GET https://registry.npmjs.org/uri-js/-/uri-js-4.4.1.tgz attempt 1 failed with EACCES
568 http fetch GET https://registry.npmjs.org/typescript/-/typescript-6.0.3.tgz attempt 1 failed with EACCES
569 http fetch GET https://registry.npmjs.org/ts-api-utils/-/ts-api-utils-2.5.0.tgz attempt 1 failed with EACCES
570 http fetch GET https://registry.npmjs.org/tailwindcss/-/tailwindcss-4.3.3.tgz attempt 1 failed with EACCES
571 http fetch GET https://registry.npmjs.org/npm attempt 2 failed with EACCES
572 http fetch GET https://registry.npmjs.org/zod/-/zod-4.4.3.tgz attempt 2 failed with EACCES
573 http fetch GET https://registry.npmjs.org/yallist/-/yallist-3.1.1.tgz attempt 2 failed with EACCES
574 http fetch GET https://registry.npmjs.org/zod-validation-error/-/zod-validation-error-4.0.2.tgz attempt 2 failed with EACCES
575 http fetch GET https://registry.npmjs.org/yocto-queue/-/yocto-queue-0.1.0.tgz attempt 2 failed with EACCES
576 http fetch GET https://registry.npmjs.org/vite/-/vite-8.1.5.tgz attempt 2 failed with EACCES
577 http fetch GET https://registry.npmjs.org/word-wrap/-/word-wrap-1.2.5.tgz attempt 2 failed with EACCES
578 http fetch GET https://registry.npmjs.org/which/-/which-2.0.2.tgz attempt 2 failed with EACCES
579 http fetch GET https://registry.npmjs.org/typescript-eslint/-/typescript-eslint-8.65.0.tgz attempt 2 failed with EACCES
580 http fetch GET https://registry.npmjs.org/update-browserslist-db/-/update-browserslist-db-1.2.3.tgz attempt 2 failed with EACCES
581 http fetch GET https://registry.npmjs.org/type-check/-/type-check-0.4.0.tgz attempt 2 failed with EACCES
582 http fetch GET https://registry.npmjs.org/uri-js/-/uri-js-4.4.1.tgz attempt 2 failed with EACCES
583 http fetch GET https://registry.npmjs.org/typescript/-/typescript-6.0.3.tgz attempt 2 failed with EACCES
584 http fetch GET https://registry.npmjs.org/ts-api-utils/-/ts-api-utils-2.5.0.tgz attempt 2 failed with EACCES
585 http fetch GET https://registry.npmjs.org/tailwindcss/-/tailwindcss-4.3.3.tgz attempt 2 failed with EACCES
586 http fetch GET https://registry.npmjs.org/npm attempt 3 failed with EACCES
587 http fetch GET https://registry.npmjs.org/zod/-/zod-4.4.3.tgz attempt 3 failed with EACCES
588 http fetch GET https://registry.npmjs.org/yallist/-/yallist-3.1.1.tgz attempt 3 failed with EACCES
589 http fetch GET https://registry.npmjs.org/zod-validation-error/-/zod-validation-error-4.0.2.tgz attempt 3 failed with EACCES
590 http fetch GET https://registry.npmjs.org/yocto-queue/-/yocto-queue-0.1.0.tgz attempt 3 failed with EACCES
591 http fetch GET https://registry.npmjs.org/vite/-/vite-8.1.5.tgz attempt 3 failed with EACCES
592 http fetch GET https://registry.npmjs.org/word-wrap/-/word-wrap-1.2.5.tgz attempt 3 failed with EACCES
593 http fetch GET https://registry.npmjs.org/which/-/which-2.0.2.tgz attempt 3 failed with EACCES
594 http fetch GET https://registry.npmjs.org/typescript-eslint/-/typescript-eslint-8.65.0.tgz attempt 3 failed with EACCES
595 http fetch GET https://registry.npmjs.org/update-browserslist-db/-/update-browserslist-db-1.2.3.tgz attempt 3 failed with EACCES
596 http fetch GET https://registry.npmjs.org/type-check/-/type-check-0.4.0.tgz attempt 3 failed with EACCES
597 http fetch GET https://registry.npmjs.org/uri-js/-/uri-js-4.4.1.tgz attempt 3 failed with EACCES
598 http fetch GET https://registry.npmjs.org/typescript/-/typescript-6.0.3.tgz attempt 3 failed with EACCES
599 http fetch GET https://registry.npmjs.org/ts-api-utils/-/ts-api-utils-2.5.0.tgz attempt 3 failed with EACCES
600 http fetch GET https://registry.npmjs.org/tailwindcss/-/tailwindcss-4.3.3.tgz attempt 3 failed with EACCES
601 verbose cwd C:\Users\pc\Documents\GitHub\AI-Builder-Sprint\frontend
602 verbose os Windows_NT 10.0.26200
603 verbose node v22.15.0
604 verbose npm  v10.9.2
605 error Exit handler never called!
606 error This is an error with npm itself. Please report this error at:
607 error   <https://github.com/npm/cli/issues>
608 verbose exit 1
609 verbose code 1
610 error A complete log of this run can be found in: C:\Users\pc\Documents\GitHub\AI-Builder-Sprint\frontend\.npm-cache\_logs\2026-07-29T13_12_48_581Z-debug-0.log
